 livekeys

 Timestamp is 52618431 (Fri Oct 18 21:55:45 2013)

 Preferred load address is 0000000140000000

 Start         Length     Name                   Class
 0001:00000000 00001fd2H .text$mn                CODE
 0001:00001fe0 000000cbH .text$x                 CODE
 0002:00000000 00000330H .idata$5                DATA
 0002:00000330 00000008H .CRT$XCA                DATA
 0002:00000338 00000008H .CRT$XCAA               DATA
 0002:00000340 00000008H .CRT$XCZ                DATA
 0002:00000348 00000008H .CRT$XIA                DATA
 0002:00000350 00000008H .CRT$XIAA               DATA
 0002:00000358 00000008H .CRT$XIC                DATA
 0002:00000360 00000008H .CRT$XIY                DATA
 0002:00000368 00000008H .CRT$XIZ                DATA
 0002:00000370 000003a0H .rdata                  DATA
 0002:00000710 0000005cH .rdata$debug            DATA
 0002:00000770 0000036cH .rdata$r                DATA
 0002:00000ae0 00000008H .rtc$IAA                DATA
 0002:00000ae8 00000008H .rtc$IZZ                DATA
 0002:00000af0 00000008H .rtc$TAA                DATA
 0002:00000af8 00000008H .rtc$TZZ                DATA
 0002:00000b00 00000234H .xdata                  DATA
 0002:00000d34 00000000H .edata                  DATA
 0002:00000d34 00000064H .idata$2                DATA
 0002:00000d98 00000014H .idata$3                DATA
 0002:00000db0 00000330H .idata$4                DATA
 0002:000010e0 00000720H .idata$6                DATA
 0003:00000000 000000a8H .data                   DATA
 0003:000000a8 00000115H .data$r                 DATA
 0003:000001c0 00000630H .bss                    DATA
 0004:00000000 00000258H .pdata                  DATA
 0005:00000000 00000298H .rsrc$01                DATA
 0005:000002a0 000221d8H .rsrc$02                DATA

  Address         Publics by Value              Rva+Base               Lib:Object

 0000:00000000       __guard_fids_table         0000000000000000     <absolute>
 0000:00000000       __guard_flags              0000000000000000     <absolute>
 0000:00000000       __guard_fids_count         0000000000000000     <absolute>
 0000:00000000       ___safe_se_handler_count   0000000000000000     <absolute>
 0000:00000000       ___safe_se_handler_table   0000000000000000     <absolute>
 0000:00000000       __ImageBase                0000000140000000     <linker-defined>
 0001:00000000       ?Initialize@CClipboardHistory@@UEAAHEPEAUHWND__@@PEAUHINSTANCE__@@P6AEEII@Z@Z 0000000140001000 f   ClipboardHistory.obj
 0001:00000084       ?HandleHotkey@CClipboardHistory@@UEAAXEK@Z 0000000140001084 f   ClipboardHistory.obj
 0001:00000244       ?ShutDown@CClipboardHistory@@UEAAXP6AXEE@Z@Z 0000000140001244 f   ClipboardHistory.obj
 0001:000002b8       ?NotifyDrawClipboard@CClipboardHistory@@QEAAXI_K_J@Z 00000001400012b8 f   ClipboardHistory.obj
 0001:000003c0       ?PushHistoryPoint@CClipboardHistory@@AEAAXPEA_W_K@Z 00000001400013c0 f   ClipboardHistory.obj
 0001:00000510       ?PasteHistoryPoint@CClipboardHistory@@AEAAXE@Z 0000000140001510 f   ClipboardHistory.obj
 0001:0000061c       ?StringCchPrintfW@@YAJPEA_W_KPEB_WZZ 000000014000161c f i ClipboardHistory.obj
 0001:00000694       ?StringCchCopyW@@YAJPEA_W_KPEB_W@Z 0000000140001694 f i ClipboardHistory.obj
 0001:0000070c       ?Initialize@CDummyTextGenerator@@UEAAHEPEAUHWND__@@PEAUHINSTANCE__@@P6AEEII@Z@Z 000000014000170c f   DummyTextGenerator.obj
 0001:00000758       ?HandleHotkey@CDummyTextGenerator@@UEAAXEK@Z 0000000140001758 f   DummyTextGenerator.obj
 0001:0000094c       ?ShutDown@CDummyTextGenerator@@UEAAXP6AXEE@Z@Z 000000014000194c f   DummyTextGenerator.obj
 0001:00000958       ?Initialize@CLayoutSwitcher@@UEAAHEPEAUHWND__@@PEAUHINSTANCE__@@P6AEEII@Z@Z 0000000140001958 f   LayoutSwitcher.obj
 0001:00000958       ?Initialize@CLiveKeysHandler@@UEAAHEPEAUHWND__@@PEAUHINSTANCE__@@P6AEEII@Z@Z 0000000140001958 f   LiveKeysHandler.obj
 0001:00000964       ?ShutDown@CLiveKeysHandler@@UEAAXP6AXEE@Z@Z 0000000140001964 f   LiveKeysHandler.obj
 0001:00000964       ?HandleCommand@CLiveKeysHandler@@UEAAX_J@Z 0000000140001964 f   LiveKeysHandler.obj
 0001:00000964       ?ShutDown@CLayoutSwitcher@@UEAAXP6AXEE@Z@Z 0000000140001964 f   LayoutSwitcher.obj
 0001:00000964       ?HandleHotkey@CLiveKeysHandler@@UEAAXEK@Z 0000000140001964 f   LiveKeysHandler.obj
 0001:00000968       ?NotifyKeyDown@CLayoutSwitcher@@UEAAHK@Z 0000000140001968 f   LayoutSwitcher.obj
 0001:00000978       ?NotifyKeyUp@CLayoutSwitcher@@UEAAHK@Z 0000000140001978 f   LayoutSwitcher.obj
 0001:00000a08       _matherr                   0000000140001a08 f   MSVCRT:merr.obj
 0001:00000a08       ?NotifyKeyDown@CLiveKeysHandler@@UEAAHK@Z 0000000140001a08 f   LiveKeysHandler.obj
 0001:00000a08       ?NotifyKeyUp@CLiveKeysHandler@@UEAAHK@Z 0000000140001a08 f   LiveKeysHandler.obj
 0001:00000a08       _wsetargv                  0000000140001a08 f   MSVCRT:wdllargv.obj
 0001:00000a0c       ?Initialize@CShellExecutor@@UEAAHEPEAUHWND__@@PEAUHINSTANCE__@@P6AEEII@Z@Z 0000000140001a0c f   ShellExecutor.obj
 0001:00000b78       ?HandleHotkey@CShellExecutor@@UEAAXEK@Z 0000000140001b78 f   ShellExecutor.obj
 0001:00000c24       ?ShutDown@CShellExecutor@@UEAAXP6AXEE@Z@Z 0000000140001c24 f   ShellExecutor.obj
 0001:00000c88       ?RegisterHotkey@CShellExecutor@@AEAAEPEAUHKEY__@@PEA_WP6AEEII@Z@Z 0000000140001c88 f   ShellExecutor.obj
 0001:00000d48       wWinMain                   0000000140001d48 f   ShellExtender.obj
 0001:00001078       ?WindowProc@@YA_JPEAUHWND__@@I_K_J@Z 0000000140002078 f   ShellExtender.obj
 0001:00001174       ?RegisterHandlerHotkey@@YAEEII@Z 0000000140002174 f   ShellExtender.obj
 0001:000011e4       ?UnregisterHandlerHotkey@@YAXEE@Z 00000001400021e4 f   ShellExtender.obj
 0001:00001238       ?LowLevelHookProc@@YA_JH_K_J@Z 0000000140002238 f   ShellExtender.obj
 0001:0000133c       ?ShowCustomError@@YAXII@Z  000000014000233c f   utils.obj
 0001:0000146c       ?ShowWin32Error@@YAXKII@Z  000000014000246c f   utils.obj
 0001:00001520       ?Initialize@CZOrderChanger@@UEAAHEPEAUHWND__@@PEAUHINSTANCE__@@P6AEEII@Z@Z 0000000140002520 f   ZOrderChanger.obj
 0001:00001564       ?HandleHotkey@CZOrderChanger@@UEAAXEK@Z 0000000140002564 f   ZOrderChanger.obj
 0001:000015c8       ?ShutDown@CZOrderChanger@@UEAAXP6AXEE@Z@Z 00000001400025c8 f   ZOrderChanger.obj
 0001:000015f0       __security_check_cookie    00000001400025f0 f   MSVCRT:amdsecgs.obj
 0001:00001610       ??3@YAXPEAX@Z              0000000140002610 f   MSVCRT:MSVCR120.dll
 0001:00001618       ??_Etype_info@@UEAAPEAXI@Z 0000000140002618 f i MSVCRT:ti_inst.obj
 0001:000019b4       wWinMainCRTStartup         00000001400029b4 f   MSVCRT:wcrtexew.obj
 0001:000019c8       __raise_securityfailure    00000001400029c8 f   MSVCRT:gs_report.obj
 0001:00001a14       __report_gsfailure         0000000140002a14 f   MSVCRT:gs_report.obj
 0001:00001ae8       ??_M@YAXPEAX_KHP6AX0@Z@Z   0000000140002ae8 f   MSVCRT:ehvecdtr.obj
 0001:00001b48       ?__ArrayUnwind@@YAXPEAX_KHP6AX0@Z@Z 0000000140002b48 f   MSVCRT:ehvecdtr.obj
 0001:00001b94       ?__CxxUnhandledExceptionFilter@@YAJPEAU_EXCEPTION_POINTERS@@@Z 0000000140002b94 f   MSVCRT:unhandld.obj
 0001:00001bcc       __CxxSetUnhandledExceptionFilter 0000000140002bcc f   MSVCRT:unhandld.obj
 0001:00001be4       _XcptFilter                0000000140002be4 f   MSVCRT:MSVCR120.dll
 0001:00001bea       _amsg_exit                 0000000140002bea f   MSVCRT:MSVCR120.dll
 0001:00001bf0       _FindPESection             0000000140002bf0 f   MSVCRT:pesect.obj
 0001:00001c40       _IsNonwritableInCurrentImage 0000000140002c40 f   MSVCRT:pesect.obj
 0001:00001c90       _ValidateImageBase         0000000140002c90 f   MSVCRT:pesect.obj
 0001:00001cc0       __security_init_cookie     0000000140002cc0 f   MSVCRT:gs_support.obj
 0001:00001d6c       __atonexitinit             0000000140002d6c f   MSVCRT:atonexit.obj
 0001:00001dbc       _onexit                    0000000140002dbc f   MSVCRT:atonexit.obj
 0001:00001e6c       atexit                     0000000140002e6c f   MSVCRT:atonexit.obj
 0001:00001e84       _RTC_Initialize            0000000140002e84 f   MSVCRT:initsect.obj
 0001:00001ebc       _RTC_Terminate             0000000140002ebc f   MSVCRT:initsect.obj
 0001:00001ef4       _initterm_e                0000000140002ef4 f   MSVCRT:MSVCR120.dll
 0001:00001efa       _initterm                  0000000140002efa f   MSVCRT:MSVCR120.dll
 0001:00001f00       __C_specific_handler       0000000140002f00 f   MSVCRT:MSVCR120.dll
 0001:00001f06       __crt_debugger_hook        0000000140002f06 f   MSVCRT:MSVCR120.dll
 0001:00001f0c       __crtUnhandledException    0000000140002f0c f   MSVCRT:MSVCR120.dll
 0001:00001f12       __crtTerminateProcess      0000000140002f12 f   MSVCRT:MSVCR120.dll
 0001:00001f18       __crtCapturePreviousContext 0000000140002f18 f   MSVCRT:MSVCR120.dll
 0001:00001f1e       ?terminate@@YAXXZ          0000000140002f1e f   MSVCRT:MSVCR120.dll
 0001:00001f24       ?_type_info_dtor_internal_method@type_info@@QEAAXXZ 0000000140002f24 f   MSVCRT:MSVCR120.dll
 0001:00001f24       ??1type_info@@UEAA@XZ      0000000140002f24 f   MSVCRT:MSVCR120.dll
 0001:00001f2a       __crtSetUnhandledExceptionFilter 0000000140002f2a f   MSVCRT:MSVCR120.dll
 0001:00001f30       _lock                      0000000140002f30 f   MSVCRT:MSVCR120.dll
 0001:00001f36       _unlock                    0000000140002f36 f   MSVCRT:MSVCR120.dll
 0001:00001f3c       __dllonexit                0000000140002f3c f   MSVCRT:MSVCR120.dll
 0001:00001f42       IsProcessorFeaturePresent  0000000140002f42 f   kernel32:KERNEL32.dll
 0001:00001f48       __GSHandlerCheck           0000000140002f48 f   MSVCRT:gshandler.obj
 0001:00001f68       __GSHandlerCheckCommon     0000000140002f68 f   MSVCRT:gshandler.obj
 0001:00001fcc       memset                     0000000140002fcc f   MSVCRT:MSVCR120.dll
 0002:00000000       __imp_RegEnumKeyW          0000000140004000     advapi32:ADVAPI32.dll
 0002:00000008       __imp_RegCloseKey          0000000140004008     advapi32:ADVAPI32.dll
 0002:00000010       __imp_RegQueryInfoKeyW     0000000140004010     advapi32:ADVAPI32.dll
 0002:00000018       __imp_RegGetValueW         0000000140004018     advapi32:ADVAPI32.dll
 0002:00000020       __imp_RegOpenKeyExW        0000000140004020     advapi32:ADVAPI32.dll
 0002:00000028       \177ADVAPI32_NULL_THUNK_DATA 0000000140004028     advapi32:ADVAPI32.dll
 0002:00000030       __imp_CreateMutexW         0000000140004030     kernel32:KERNEL32.dll
 0002:00000038       __imp_WaitForSingleObject  0000000140004038     kernel32:KERNEL32.dll
 0002:00000040       __imp_GetModuleHandleW     0000000140004040     kernel32:KERNEL32.dll
 0002:00000048       __imp_FormatMessageW       0000000140004048     kernel32:KERNEL32.dll
 0002:00000050       __imp_LocalFree            0000000140004050     kernel32:KERNEL32.dll
 0002:00000058       __imp_GlobalFree           0000000140004058     kernel32:KERNEL32.dll
 0002:00000060       __imp_GetSystemTimeAsFileTime 0000000140004060     kernel32:KERNEL32.dll
 0002:00000068       __imp_GetCurrentThreadId   0000000140004068     kernel32:KERNEL32.dll
 0002:00000070       __imp_GetCurrentProcessId  0000000140004070     kernel32:KERNEL32.dll
 0002:00000078       __imp_QueryPerformanceCounter 0000000140004078     kernel32:KERNEL32.dll
 0002:00000080       __imp_IsProcessorFeaturePresent 0000000140004080     kernel32:KERNEL32.dll
 0002:00000088       __imp_IsDebuggerPresent    0000000140004088     kernel32:KERNEL32.dll
 0002:00000090       __imp_EncodePointer        0000000140004090     kernel32:KERNEL32.dll
 0002:00000098       __imp_GlobalAlloc          0000000140004098     kernel32:KERNEL32.dll
 0002:000000a0       __imp_GlobalUnlock         00000001400040a0     kernel32:KERNEL32.dll
 0002:000000a8       __imp_GlobalLock           00000001400040a8     kernel32:KERNEL32.dll
 0002:000000b0       __imp_GetLastError         00000001400040b0     kernel32:KERNEL32.dll
 0002:000000b8       __imp_DecodePointer        00000001400040b8     kernel32:KERNEL32.dll
 0002:000000c0       __imp_SetLastError         00000001400040c0     kernel32:KERNEL32.dll
 0002:000000c8       \177KERNEL32_NULL_THUNK_DATA 00000001400040c8     kernel32:KERNEL32.dll
 0002:000000d0       __imp_?_type_info_dtor_internal_method@type_info@@QEAAXXZ 00000001400040d0     MSVCRT:MSVCR120.dll
 0002:000000d8       __imp_?terminate@@YAXXZ    00000001400040d8     MSVCRT:MSVCR120.dll
 0002:000000e0       __imp___crtSetUnhandledExceptionFilter 00000001400040e0     MSVCRT:MSVCR120.dll
 0002:000000e8       __imp___crtTerminateProcess 00000001400040e8     MSVCRT:MSVCR120.dll
 0002:000000f0       __imp___crtUnhandledException 00000001400040f0     MSVCRT:MSVCR120.dll
 0002:000000f8       __imp___crt_debugger_hook  00000001400040f8     MSVCRT:MSVCR120.dll
 0002:00000100       __imp__commode             0000000140004100     MSVCRT:MSVCR120.dll
 0002:00000108       __imp__fmode               0000000140004108     MSVCRT:MSVCR120.dll
 0002:00000110       __imp__wcmdln              0000000140004110     MSVCRT:MSVCR120.dll
 0002:00000118       __imp___C_specific_handler 0000000140004118     MSVCRT:MSVCR120.dll
 0002:00000120       __imp__initterm            0000000140004120     MSVCRT:MSVCR120.dll
 0002:00000128       __imp__initterm_e          0000000140004128     MSVCRT:MSVCR120.dll
 0002:00000130       __imp___setusermatherr     0000000140004130     MSVCRT:MSVCR120.dll
 0002:00000138       __imp__configthreadlocale  0000000140004138     MSVCRT:MSVCR120.dll
 0002:00000140       __imp__cexit               0000000140004140     MSVCRT:MSVCR120.dll
 0002:00000148       __imp__exit                0000000140004148     MSVCRT:MSVCR120.dll
 0002:00000150       __imp_exit                 0000000140004150     MSVCRT:MSVCR120.dll
 0002:00000158       __imp___set_app_type       0000000140004158     MSVCRT:MSVCR120.dll
 0002:00000160       __imp___wgetmainargs       0000000140004160     MSVCRT:MSVCR120.dll
 0002:00000168       __imp__amsg_exit           0000000140004168     MSVCRT:MSVCR120.dll
 0002:00000170       __imp___crtGetShowWindowMode 0000000140004170     MSVCRT:MSVCR120.dll
 0002:00000178       __imp__XcptFilter          0000000140004178     MSVCRT:MSVCR120.dll
 0002:00000180       __imp_??2@YAPEAX_K@Z       0000000140004180     MSVCRT:MSVCR120.dll
 0002:00000188       __imp_memset               0000000140004188     MSVCRT:MSVCR120.dll
 0002:00000190       __imp_??3@YAXPEAX@Z        0000000140004190     MSVCRT:MSVCR120.dll
 0002:00000198       __imp__lock                0000000140004198     MSVCRT:MSVCR120.dll
 0002:000001a0       __imp__unlock              00000001400041a0     MSVCRT:MSVCR120.dll
 0002:000001a8       __imp__calloc_crt          00000001400041a8     MSVCRT:MSVCR120.dll
 0002:000001b0       __imp___dllonexit          00000001400041b0     MSVCRT:MSVCR120.dll
 0002:000001b8       __imp__onexit              00000001400041b8     MSVCRT:MSVCR120.dll
 0002:000001c0       __imp___crtCapturePreviousContext 00000001400041c0     MSVCRT:MSVCR120.dll
 0002:000001c8       __imp__vsnwprintf          00000001400041c8     MSVCRT:MSVCR120.dll
 0002:000001d0       \177MSVCR120_NULL_THUNK_DATA 00000001400041d0     MSVCRT:MSVCR120.dll
 0002:000001d8       __imp_ShellExecuteW        00000001400041d8     shell32:SHELL32.dll
 0002:000001e0       \177SHELL32_NULL_THUNK_DATA 00000001400041e0     shell32:SHELL32.dll
 0002:000001e8       __imp_GetWindowLongW       00000001400041e8     user32:USER32.dll
 0002:000001f0       __imp_MessageBoxW          00000001400041f0     user32:USER32.dll
 0002:000001f8       __imp_CallNextHookEx       00000001400041f8     user32:USER32.dll
 0002:00000200       __imp_UnregisterHotKey     0000000140004200     user32:USER32.dll
 0002:00000208       __imp_RegisterHotKey       0000000140004208     user32:USER32.dll
 0002:00000210       __imp_DefWindowProcW       0000000140004210     user32:USER32.dll
 0002:00000218       __imp_PostQuitMessage      0000000140004218     user32:USER32.dll
 0002:00000220       __imp_UnhookWindowsHookEx  0000000140004220     user32:USER32.dll
 0002:00000228       __imp_DestroyWindow        0000000140004228     user32:USER32.dll
 0002:00000230       __imp_UnregisterClassW     0000000140004230     user32:USER32.dll
 0002:00000238       __imp_DispatchMessageW     0000000140004238     user32:USER32.dll
 0002:00000240       __imp_TranslateMessage     0000000140004240     user32:USER32.dll
 0002:00000248       __imp_GetMessageW          0000000140004248     user32:USER32.dll
 0002:00000250       __imp_SetWindowsHookExW    0000000140004250     user32:USER32.dll
 0002:00000258       __imp_CreateWindowExW      0000000140004258     user32:USER32.dll
 0002:00000260       __imp_RegisterClassExW     0000000140004260     user32:USER32.dll
 0002:00000268       __imp_GetKeyboardLayout    0000000140004268     user32:USER32.dll
 0002:00000270       __imp_GetWindowThreadProcessId 0000000140004270     user32:USER32.dll
 0002:00000278       __imp_PostMessageW         0000000140004278     user32:USER32.dll
 0002:00000280       __imp_SendInput            0000000140004280     user32:USER32.dll
 0002:00000288       __imp_LoadStringW          0000000140004288     user32:USER32.dll
 0002:00000290       __imp_SetClipboardData     0000000140004290     user32:USER32.dll
 0002:00000298       __imp_EmptyClipboard       0000000140004298     user32:USER32.dll
 0002:000002a0       __imp_SendMessageW         00000001400042a0     user32:USER32.dll
 0002:000002a8       __imp_CloseClipboard       00000001400042a8     user32:USER32.dll
 0002:000002b0       __imp_GetClipboardData     00000001400042b0     user32:USER32.dll
 0002:000002b8       __imp_OpenClipboard        00000001400042b8     user32:USER32.dll
 0002:000002c0       __imp_IsClipboardFormatAvailable 00000001400042c0     user32:USER32.dll
 0002:000002c8       __imp_GetClipboardOwner    00000001400042c8     user32:USER32.dll
 0002:000002d0       __imp_ChangeClipboardChain 00000001400042d0     user32:USER32.dll
 0002:000002d8       __imp_DestroyMenu          00000001400042d8     user32:USER32.dll
 0002:000002e0       __imp_TrackPopupMenu       00000001400042e0     user32:USER32.dll
 0002:000002e8       __imp_SetForegroundWindow  00000001400042e8     user32:USER32.dll
 0002:000002f0       __imp_GetForegroundWindow  00000001400042f0     user32:USER32.dll
 0002:000002f8       __imp_GetCursorPos         00000001400042f8     user32:USER32.dll
 0002:00000300       __imp_AppendMenuW          0000000140004300     user32:USER32.dll
 0002:00000308       __imp_CreatePopupMenu      0000000140004308     user32:USER32.dll
 0002:00000310       __imp_VkKeyScanW           0000000140004310     user32:USER32.dll
 0002:00000318       __imp_SetClipboardViewer   0000000140004318     user32:USER32.dll
 0002:00000320       __imp_SetWindowPos         0000000140004320     user32:USER32.dll
 0002:00000328       \177USER32_NULL_THUNK_DATA 0000000140004328     user32:USER32.dll
 0002:00000330       __xc_a                     0000000140004330     MSVCRT:cinitexe.obj
 0002:00000340       __xc_z                     0000000140004340     MSVCRT:cinitexe.obj
 0002:00000348       __xi_a                     0000000140004348     MSVCRT:cinitexe.obj
 0002:00000368       __xi_z                     0000000140004368     MSVCRT:cinitexe.obj
 0002:000003b0       ??_7type_info@@6B@         00000001400043b0     MSVCRT:ti_inst.obj
 0002:00000550       ??_7CClipboardHistory@@6B@ 0000000140004550     ClipboardHistory.obj
 0002:00000588       ??_7CDummyTextGenerator@@6B@ 0000000140004588     DummyTextGenerator.obj
 0002:000005c0       ??_7CLayoutSwitcher@@6B@   00000001400045c0     LayoutSwitcher.obj
 0002:000005f8       ??_7CLiveKeysHandler@@6B@  00000001400045f8     LiveKeysHandler.obj
 0002:00000630       ??_7CShellExecutor@@6B@    0000000140004630     ShellExecutor.obj
 0002:00000668       ??_7CZOrderChanger@@6B@    0000000140004668     ZOrderChanger.obj
 0002:000006a0       _load_config_used          00000001400046a0     MSVCRT:loadcfg.obj
 0002:00000770       ??_R4type_info@@6B@        0000000140004770     MSVCRT:ti_inst.obj
 0002:00000798       ??_R3type_info@@8          0000000140004798     MSVCRT:ti_inst.obj
 0002:000007b0       ??_R2type_info@@8          00000001400047b0     MSVCRT:ti_inst.obj
 0002:000007c0       ??_R1A@?0A@EA@type_info@@8 00000001400047c0     MSVCRT:ti_inst.obj
 0002:000007e8       ??_R2CClipboardHistory@@8  00000001400047e8     ClipboardHistory.obj
 0002:00000800       ??_R2CLiveKeysHandler@@8   0000000140004800     ClipboardHistory.obj
 0002:00000810       ??_R1A@?0A@EA@CClipboardHistory@@8 0000000140004810     ClipboardHistory.obj
 0002:00000838       ??_R1A@?0A@EA@CLiveKeysHandler@@8 0000000140004838     ClipboardHistory.obj
 0002:00000860       ??_R3CLiveKeysHandler@@8   0000000140004860     ClipboardHistory.obj
 0002:00000878       ??_R3CClipboardHistory@@8  0000000140004878     ClipboardHistory.obj
 0002:00000890       ??_R4CClipboardHistory@@6B@ 0000000140004890     ClipboardHistory.obj
 0002:000008b8       ??_R2CDummyTextGenerator@@8 00000001400048b8     DummyTextGenerator.obj
 0002:000008d0       ??_R1A@?0A@EA@CDummyTextGenerator@@8 00000001400048d0     DummyTextGenerator.obj
 0002:000008f8       ??_R3CDummyTextGenerator@@8 00000001400048f8     DummyTextGenerator.obj
 0002:00000910       ??_R4CDummyTextGenerator@@6B@ 0000000140004910     DummyTextGenerator.obj
 0002:00000938       ??_R2CLayoutSwitcher@@8    0000000140004938     LayoutSwitcher.obj
 0002:00000950       ??_R1A@?0A@EA@CLayoutSwitcher@@8 0000000140004950     LayoutSwitcher.obj
 0002:00000978       ??_R3CLayoutSwitcher@@8    0000000140004978     LayoutSwitcher.obj
 0002:00000990       ??_R4CLayoutSwitcher@@6B@  0000000140004990     LayoutSwitcher.obj
 0002:000009b8       ??_R4CLiveKeysHandler@@6B@ 00000001400049b8     LiveKeysHandler.obj
 0002:000009e0       ??_R2CShellExecutor@@8     00000001400049e0     ShellExecutor.obj
 0002:000009f8       ??_R1A@?0A@EA@CShellExecutor@@8 00000001400049f8     ShellExecutor.obj
 0002:00000a20       ??_R3CShellExecutor@@8     0000000140004a20     ShellExecutor.obj
 0002:00000a38       ??_R4CShellExecutor@@6B@   0000000140004a38     ShellExecutor.obj
 0002:00000a60       ??_R2CZOrderChanger@@8     0000000140004a60     ZOrderChanger.obj
 0002:00000a78       ??_R1A@?0A@EA@CZOrderChanger@@8 0000000140004a78     ZOrderChanger.obj
 0002:00000aa0       ??_R3CZOrderChanger@@8     0000000140004aa0     ZOrderChanger.obj
 0002:00000ab8       ??_R4CZOrderChanger@@6B@   0000000140004ab8     ZOrderChanger.obj
 0002:00000ae0       __rtc_iaa                  0000000140004ae0     MSVCRT:initsect.obj
 0002:00000ae8       __rtc_izz                  0000000140004ae8     MSVCRT:initsect.obj
 0002:00000af0       __rtc_taa                  0000000140004af0     MSVCRT:initsect.obj
 0002:00000af8       __rtc_tzz                  0000000140004af8     MSVCRT:initsect.obj
 0002:00000d34       __IMPORT_DESCRIPTOR_KERNEL32 0000000140004d34     kernel32:KERNEL32.dll
 0002:00000d48       __IMPORT_DESCRIPTOR_USER32 0000000140004d48     user32:USER32.dll
 0002:00000d5c       __IMPORT_DESCRIPTOR_ADVAPI32 0000000140004d5c     advapi32:ADVAPI32.dll
 0002:00000d70       __IMPORT_DESCRIPTOR_SHELL32 0000000140004d70     shell32:SHELL32.dll
 0002:00000d84       __IMPORT_DESCRIPTOR_MSVCR120 0000000140004d84     MSVCRT:MSVCR120.dll
 0002:00000d98       __NULL_IMPORT_DESCRIPTOR   0000000140004d98     kernel32:KERNEL32.dll
 0003:00000000       __security_cookie          0000000140006000     MSVCRT:gs_cookie.obj
 0003:00000008       __security_cookie_complement 0000000140006008     MSVCRT:gs_cookie.obj
 0003:00000010       __defaultmatherr           0000000140006010     MSVCRT:merr.obj
 0003:00000014       __globallocalestatus       0000000140006014     MSVCRT:xthdloc.obj
 0003:00000018       __native_dllmain_reason    0000000140006018     MSVCRT:natstart.obj
 0003:00000020       ?g_szMainKeyRegVal@@3PA_WA 0000000140006020     ShellExecutor.obj
 0003:00000030       ?g_szAsyncKeyRegVal@@3PA_WA 0000000140006030     ShellExecutor.obj
 0003:00000048       ?g_szExecutorRegKey@@3PA_WA 0000000140006048     ShellExecutor.obj
 0003:00000080       ?g_szQLaunchCmd@@3PA_WA    0000000140006080     ShellExecutor.obj
 0003:00000090       ?g_szQLaunchExe@@3PA_WA    0000000140006090     ShellExecutor.obj
 0003:000000a8       ??_R0?AVtype_info@@@8      00000001400060a8     MSVCRT:ti_inst.obj
 0003:000000c8       ??_R0?AVCLiveKeysHandler@@@8 00000001400060c8     ClipboardHistory.obj
 0003:000000f0       ??_R0?AVCClipboardHistory@@@8 00000001400060f0     ClipboardHistory.obj
 0003:00000118       ??_R0?AVCDummyTextGenerator@@@8 0000000140006118     DummyTextGenerator.obj
 0003:00000148       ??_R0?AVCLayoutSwitcher@@@8 0000000140006148     LayoutSwitcher.obj
 0003:00000170       ??_R0?AVCShellExecutor@@@8 0000000140006170     ShellExecutor.obj
 0003:00000198       ??_R0?AVCZOrderChanger@@@8 0000000140006198     ZOrderChanger.obj
 0003:00000764       _commode                   0000000140006764     MSVCRT:xncommod.obj
 0003:00000768       _dowildcard                0000000140006768     MSVCRT:wildcard.obj
 0003:0000076c       _newmode                   000000014000676c     MSVCRT:_newmode.obj
 0003:00000770       _fmode                     0000000140006770     MSVCRT:xtxtmode.obj
 0003:00000780       ?g_pHandlers@@3PAPEAVCLiveKeysHandler@@A 0000000140006780     ShellExtender.obj
 0003:000007a8       ?g_hHook@@3PEAUHHOOK__@@EA 00000001400067a8     ShellExtender.obj
 0003:000007b0       ?g_hWnd@@3PEAUHWND__@@EA   00000001400067b0     ShellExtender.obj
 0003:000007b8       ?g_hInst@@3PEAUHINSTANCE__@@EA 00000001400067b8     ShellExtender.obj
 0003:000007c0       __@@_PchSym_@00@UwveUorevpvbhUlyqUcGEUivovzhvUhgwzucOlyq@E6FE709EEFD122E8 00000001400067c0     stdafx.obj
 0003:000007c8       __native_startup_lock      00000001400067c8     <common>
 0003:000007d0       __native_startup_state     00000001400067d0     <common>
 0003:000007d8       __onexitend                00000001400067d8     <common>
 0003:000007e0       __onexitbegin              00000001400067e0     <common>
 0003:000007e8       __dyn_tls_init_callback    00000001400067e8     <common>

 entry point at        0001:000019b4

 Static symbols

 0000:fffd4000       .debug$S                   0000000140000000     user32:USER32.dll
 0000:fffd4000       .debug$S                   0000000140000000     MSVCRT:MSVCR120.dll
 0000:fffd4000       .debug$S                   0000000140000000     MSVCRT:MSVCR120.dll
 0000:fffd4000       .debug$S                   0000000140000000     MSVCRT:MSVCR120.dll
 0000:fffd4000       .debug$S                   0000000140000000     MSVCRT:MSVCR120.dll
 0000:fffd4000       .debug$S                   0000000140000000     MSVCRT:MSVCR120.dll
 0000:fffd4000       .debug$S                   0000000140000000     MSVCRT:MSVCR120.dll
 0000:fffd4000       .debug$S                   0000000140000000     MSVCRT:MSVCR120.dll
 0000:fffd4000       .debug$S                   0000000140000000     MSVCRT:MSVCR120.dll
 0000:fffd4000       .debug$S                   0000000140000000     MSVCRT:MSVCR120.dll
 0000:fffd4000       .debug$S                   0000000140000000     MSVCRT:MSVCR120.dll
 0000:fffd4000       .debug$S                   0000000140000000     MSVCRT:MSVCR120.dll
 0000:fffd4000       .debug$S                   0000000140000000     MSVCRT:MSVCR120.dll
 0000:fffd4000       .debug$S                   0000000140000000     MSVCRT:MSVCR120.dll
 0000:fffd4000       .debug$S                   0000000140000000     MSVCRT:MSVCR120.dll
 0000:fffd4000       .debug$S                   0000000140000000     MSVCRT:MSVCR120.dll
 0000:fffd4000       .debug$S                   0000000140000000     MSVCRT:MSVCR120.dll
 0000:fffd4000       .debug$S                   0000000140000000     MSVCRT:MSVCR120.dll
 0000:fffd4000       .debug$S                   0000000140000000     MSVCRT:MSVCR120.dll
 0000:fffd4000       .debug$S                   0000000140000000     MSVCRT:MSVCR120.dll
 0000:fffd4000       .debug$S                   0000000140000000     MSVCRT:MSVCR120.dll
 0000:fffd4000       .debug$S                   0000000140000000     MSVCRT:MSVCR120.dll
 0000:fffd4000       .debug$S                   0000000140000000     MSVCRT:MSVCR120.dll
 0000:fffd4000       .debug$S                   0000000140000000     MSVCRT:MSVCR120.dll
 0000:fffd4000       .debug$S                   0000000140000000     MSVCRT:MSVCR120.dll
 0000:fffd4000       .debug$S                   0000000140000000     MSVCRT:MSVCR120.dll
 0000:fffd4000       .debug$S                   0000000140000000     MSVCRT:MSVCR120.dll
 0000:fffd4000       .debug$S                   0000000140000000     MSVCRT:MSVCR120.dll
 0000:fffd4000       .debug$S                   0000000140000000     MSVCRT:MSVCR120.dll
 0000:fffd4000       .debug$S                   0000000140000000     MSVCRT:MSVCR120.dll
 0000:fffd4000       .debug$S                   0000000140000000     MSVCRT:MSVCR120.dll
 0000:fffd4000       .debug$S                   0000000140000000     MSVCRT:MSVCR120.dll
 0000:fffd4000       .debug$S                   0000000140000000     MSVCRT:MSVCR120.dll
 0000:fffd4000       .debug$S                   0000000140000000     shell32:SHELL32.dll
 0000:fffd4000       .debug$S                   0000000140000000     advapi32:ADVAPI32.dll
 0000:fffd4000       .debug$S                   0000000140000000     advapi32:ADVAPI32.dll
 0000:fffd4000       .debug$S                   0000000140000000     advapi32:ADVAPI32.dll
 0000:fffd4000       .debug$S                   0000000140000000     advapi32:ADVAPI32.dll
 0000:fffd4000       .debug$S                   0000000140000000     advapi32:ADVAPI32.dll
 0000:fffd4000       .debug$S                   0000000140000000     user32:USER32.dll
 0000:fffd4000       .debug$S                   0000000140000000     user32:USER32.dll
 0000:fffd4000       .debug$S                   0000000140000000     user32:USER32.dll
 0000:fffd4000       .debug$S                   0000000140000000     user32:USER32.dll
 0000:fffd4000       .debug$S                   0000000140000000     user32:USER32.dll
 0000:fffd4000       .debug$S                   0000000140000000     user32:USER32.dll
 0000:fffd4000       .debug$S                   0000000140000000     user32:USER32.dll
 0000:fffd4000       .debug$S                   0000000140000000     MSVCRT:MSVCR120.dll
 0000:fffd4000       .debug$S                   0000000140000000     user32:USER32.dll
 0000:fffd4000       .debug$S                   0000000140000000     user32:USER32.dll
 0000:fffd4000       .debug$S                   0000000140000000     user32:USER32.dll
 0000:fffd4000       .debug$S                   0000000140000000     user32:USER32.dll
 0000:fffd4000       .debug$S                   0000000140000000     user32:USER32.dll
 0000:fffd4000       .debug$S                   0000000140000000     user32:USER32.dll
 0000:fffd4000       .debug$S                   0000000140000000     user32:USER32.dll
 0000:fffd4000       .debug$S                   0000000140000000     user32:USER32.dll
 0000:fffd4000       .debug$S                   0000000140000000     user32:USER32.dll
 0000:fffd4000       .debug$S                   0000000140000000     user32:USER32.dll
 0000:fffd4000       .debug$S                   0000000140000000     user32:USER32.dll
 0000:fffd4000       .debug$S                   0000000140000000     user32:USER32.dll
 0000:fffd4000       .debug$S                   0000000140000000     user32:USER32.dll
 0000:fffd4000       .debug$S                   0000000140000000     user32:USER32.dll
 0000:fffd4000       .debug$S                   0000000140000000     user32:USER32.dll
 0000:fffd4000       .debug$S                   0000000140000000     user32:USER32.dll
 0000:fffd4000       .debug$S                   0000000140000000     user32:USER32.dll
 0000:fffd4000       .debug$S                   0000000140000000     user32:USER32.dll
 0000:fffd4000       .debug$S                   0000000140000000     user32:USER32.dll
 0000:fffd4000       .debug$S                   0000000140000000     user32:USER32.dll
 0000:fffd4000       .debug$S                   0000000140000000     user32:USER32.dll
 0000:fffd4000       .debug$S                   0000000140000000     user32:USER32.dll
 0000:fffd4000       .debug$S                   0000000140000000     user32:USER32.dll
 0000:fffd4000       .debug$S                   0000000140000000     user32:USER32.dll
 0000:fffd4000       .debug$S                   0000000140000000     user32:USER32.dll
 0000:fffd4000       .debug$S                   0000000140000000     user32:USER32.dll
 0000:fffd4000       .debug$S                   0000000140000000     user32:USER32.dll
 0000:fffd4000       .debug$S                   0000000140000000     kernel32:KERNEL32.dll
 0000:fffd4000       .debug$S                   0000000140000000     kernel32:KERNEL32.dll
 0000:fffd4000       .debug$S                   0000000140000000     kernel32:KERNEL32.dll
 0000:fffd4000       .debug$S                   0000000140000000     kernel32:KERNEL32.dll
 0000:fffd4000       .debug$S                   0000000140000000     kernel32:KERNEL32.dll
 0000:fffd4000       .debug$S                   0000000140000000     kernel32:KERNEL32.dll
 0000:fffd4000       .debug$S                   0000000140000000     kernel32:KERNEL32.dll
 0000:fffd4000       .debug$S                   0000000140000000     kernel32:KERNEL32.dll
 0000:fffd4000       .debug$S                   0000000140000000     kernel32:KERNEL32.dll
 0000:fffd4000       .debug$S                   0000000140000000     kernel32:KERNEL32.dll
 0000:fffd4000       .debug$S                   0000000140000000     kernel32:KERNEL32.dll
 0000:fffd4000       .debug$S                   0000000140000000     kernel32:KERNEL32.dll
 0000:fffd4000       .debug$S                   0000000140000000     kernel32:KERNEL32.dll
 0000:fffd4000       .debug$S                   0000000140000000     kernel32:KERNEL32.dll
 0000:fffd4000       .debug$S                   0000000140000000     kernel32:KERNEL32.dll
 0000:fffd4000       .debug$S                   0000000140000000     kernel32:KERNEL32.dll
 0000:fffd4000       .debug$S                   0000000140000000     kernel32:KERNEL32.dll
 0000:fffd4000       .debug$S                   0000000140000000     kernel32:KERNEL32.dll
 0000:fffd4000       .debug$S                   0000000140000000     kernel32:KERNEL32.dll
 0000:fffd4000       .debug$S                   0000000140000000     user32:USER32.dll
 0000:fffd4000       .debug$S                   0000000140000000     user32:USER32.dll
 0000:fffd4000       .debug$S                   0000000140000000     user32:USER32.dll
 0000:fffd4000       .debug$S                   0000000140000000     user32:USER32.dll
 0000:fffd4000       .debug$S                   0000000140000000     user32:USER32.dll
 0001:000015e0       $$000000                   00000001400025e0     MSVCRT:amdsecgs.obj
 0001:00001684       pre_c_init                 0000000140002684 f   MSVCRT:wcrtexew.obj
 0001:00001754       pre_cpp_init               0000000140002754 f   MSVCRT:wcrtexew.obj
 0001:000017b8       __tmainCRTStartup          00000001400027b8 f   MSVCRT:wcrtexew.obj
 0001:00001fe0       __tmainCRTStartup$filt$0   0000000140002fe0 f   MSVCRT:wcrtexew.obj
 0001:00001ffe       ?fin$0@?0???_M@YAXPEAX_KHP6AX0@Z@Z@4HA 0000000140002ffe f   MSVCRT:ehvecdtr.obj
 0001:0000202a       ?filt$0@?0??__ArrayUnwind@@YAXPEAX_KHP6AX0@Z@Z@4HA 000000014000302a f   MSVCRT:ehvecdtr.obj
 0001:00002070       _IsNonwritableInCurrentImage$filt$0 0000000140003070 f   MSVCRT:pesect.obj
 0001:00002090       _onexit$fin$0              0000000140003090 f   MSVCRT:atonexit.obj
 0002:00000338       pcppinit                   0000000140004338     MSVCRT:wcrtexew.obj
 0002:00000350       pcinit                     0000000140004350     MSVCRT:wcrtexew.obj
 0002:00000358       pinit                      0000000140004358     MSVCRT:atonexit.obj
 0002:00000360       pinit                      0000000140004360     MSVCRT:wcrtexew.obj
 0002:000003b8       GS_ExceptionPointers       00000001400043b8     MSVCRT:gs_report.obj
 0002:000003d0       $SG4294967289              00000001400043d0     * CIL library *:* CIL module *
 0002:000003e2       $SG4294966833              00000001400043e2     * CIL library *:* CIL module *
 0002:000003e8       $SG4294967124              00000001400043e8     * CIL library *:* CIL module *
 0002:000003fc       $SG4294966832              00000001400043fc     * CIL library *:* CIL module *
 0002:00000400       $SG4294967123              0000000140004400     * CIL library *:* CIL module *
 0002:00000418       $SG4294967122              0000000140004418     * CIL library *:* CIL module *
 0002:00000430       $SG4294967121              0000000140004430     * CIL library *:* CIL module *
 0002:00000448       $SG4294966984              0000000140004448     * CIL library *:* CIL module *
 0002:00000460       $SG4294966912              0000000140004460     * CIL library *:* CIL module *
 0002:000004c0       $SG4294966911              00000001400044c0     * CIL library *:* CIL module *
 0002:000004d8       $SG4294966910              00000001400044d8     * CIL library *:* CIL module *
 0002:000004f0       $SG4294966909              00000001400044f0     * CIL library *:* CIL module *
 0002:00000508       $SG4294965642              0000000140004508     * CIL library *:* CIL module *
 0002:00000528       $SG4294965641              0000000140004528     * CIL library *:* CIL module *
 0002:00000b00       $unwind$?ShutDown@CClipboardHistory@@UEAAXP6AXEE@Z@Z 0000000140004b00     * CIL library *:* CIL module *
 0002:00000b00       $unwind$?PasteHistoryPoint@CClipboardHistory@@AEAAXE@Z 0000000140004b00     * CIL library *:* CIL module *
 0002:00000b00       $unwind$?Initialize@CClipboardHistory@@UEAAHEPEAUHWND__@@PEAUHINSTANCE__@@P6AEEII@Z@Z 0000000140004b00     * CIL library *:* CIL module *
 0002:00000b00       $unwind$?ShutDown@CShellExecutor@@UEAAXP6AXEE@Z@Z 0000000140004b00     * CIL library *:* CIL module *
 0002:00000b14       $unwind$?HandleHotkey@CClipboardHistory@@UEAAXEK@Z 0000000140004b14     * CIL library *:* CIL module *
 0002:00000b38       $unwind$?NotifyDrawClipboard@CClipboardHistory@@QEAAXI_K_J@Z 0000000140004b38     * CIL library *:* CIL module *
 0002:00000b38       $unwind$?LowLevelHookProc@@YA_JH_K_J@Z 0000000140004b38     * CIL library *:* CIL module *
 0002:00000b50       $unwind$?PushHistoryPoint@CClipboardHistory@@AEAAXPEA_W_K@Z 0000000140004b50     * CIL library *:* CIL module *
 0002:00000b68       $unwind$?StringCchPrintfW@@YAJPEA_W_KPEB_WZZ 0000000140004b68     * CIL library *:* CIL module *
 0002:00000b78       $unwind$?StringCchCopyW@@YAJPEA_W_KPEB_W@Z 0000000140004b78     * CIL library *:* CIL module *
 0002:00000b80       $unwind$?Initialize@CDummyTextGenerator@@UEAAHEPEAUHWND__@@PEAUHINSTANCE__@@P6AEEII@Z@Z 0000000140004b80     * CIL library *:* CIL module *
 0002:00000b80       $unwind$?NotifyKeyUp@CLayoutSwitcher@@UEAAHK@Z 0000000140004b80     * CIL library *:* CIL module *
 0002:00000b80       $unwind$?Initialize@CZOrderChanger@@UEAAHEPEAUHWND__@@PEAUHINSTANCE__@@P6AEEII@Z@Z 0000000140004b80     * CIL library *:* CIL module *
 0002:00000b80       $unwind$_RTC_Terminate     0000000140004b80     * CIL library *:* CIL module *
 0002:00000b80       $unwind$_RTC_Initialize    0000000140004b80     * CIL library *:* CIL module *
 0002:00000b8c       $unwind$?HandleHotkey@CDummyTextGenerator@@UEAAXEK@Z 0000000140004b8c     * CIL library *:* CIL module *
 0002:00000b9c       $unwind$?Initialize@CShellExecutor@@UEAAHEPEAUHWND__@@PEAUHINSTANCE__@@P6AEEII@Z@Z 0000000140004b9c     * CIL library *:* CIL module *
 0002:00000bb0       $unwind$?HandleHotkey@CShellExecutor@@UEAAXEK@Z 0000000140004bb0     * CIL library *:* CIL module *
 0002:00000bc0       $unwind$?RegisterHotkey@CShellExecutor@@AEAAEPEAUHKEY__@@PEA_WP6AEEII@Z@Z 0000000140004bc0     * CIL library *:* CIL module *
 0002:00000bd4       $unwind$wWinMain           0000000140004bd4     * CIL library *:* CIL module *
 0002:00000bf4       $unwind$?RegisterHandlerHotkey@@YAEEII@Z 0000000140004bf4     * CIL library *:* CIL module *
 0002:00000bf4       $unwind$__CxxSetUnhandledExceptionFilter 0000000140004bf4     * CIL library *:* CIL module *
 0002:00000bf4       $unwind$wWinMainCRTStartup 0000000140004bf4     * CIL library *:* CIL module *
 0002:00000bf4       $unwind$__GSHandlerCheck   0000000140004bf4     * CIL library *:* CIL module *
 0002:00000bf4       $unwind$atexit             0000000140004bf4     * CIL library *:* CIL module *
 0002:00000bf4       $unwind$?WindowProc@@YA_JPEAUHWND__@@I_K_J@Z 0000000140004bf4     * CIL library *:* CIL module *
 0002:00000bf4       $unwind$pre_c_init         0000000140004bf4     * CIL library *:* CIL module *
 0002:00000bf4       $unwind$?__CxxUnhandledExceptionFilter@@YAJPEAU_EXCEPTION_POINTERS@@@Z 0000000140004bf4     * CIL library *:* CIL module *
 0002:00000bfc       $unwind$__raise_securityfailure 0000000140004bfc     * CIL library *:* CIL module *
 0002:00000bfc       $unwind$?UnregisterHandlerHotkey@@YAXEE@Z 0000000140004bfc     * CIL library *:* CIL module *
 0002:00000bfc       $unwind$__GSHandlerCheckCommon 0000000140004bfc     * CIL library *:* CIL module *
 0002:00000bfc       $unwind$__atonexitinit     0000000140004bfc     * CIL library *:* CIL module *
 0002:00000c04       $unwind$?ShowCustomError@@YAXII@Z 0000000140004c04     * CIL library *:* CIL module *
 0002:00000c20       $unwind$?ShowWin32Error@@YAXKII@Z 0000000140004c20     * CIL library *:* CIL module *
 0002:00000c28       $unwind$?HandleHotkey@CZOrderChanger@@UEAAXEK@Z 0000000140004c28     * CIL library *:* CIL module *
 0002:00000c38       $xdatasym                  0000000140004c38     MSVCRT:amdsecgs.obj
 0002:00000c3c       $unwind$??_Etype_info@@UEAAPEAXI@Z 0000000140004c3c     MSVCRT:ti_inst.obj
 0002:00000c4c       $unwind$pre_cpp_init       0000000140004c4c     MSVCRT:wcrtexew.obj
 0002:00000c54       $unwind$__tmainCRTStartup  0000000140004c54     MSVCRT:wcrtexew.obj
 0002:00000c84       $unwind$__report_gsfailure 0000000140004c84     MSVCRT:gs_report.obj
 0002:00000c8c       $unwind$??_M@YAXPEAX_KHP6AX0@Z@Z 0000000140004c8c     MSVCRT:ehvecdtr.obj
 0002:00000cb4       $unwind$?filt$0@?0??__ArrayUnwind@@YAXPEAX_KHP6AX0@Z@Z@4HA 0000000140004cb4     MSVCRT:ehvecdtr.obj
 0002:00000cb4       $unwind$_IsNonwritableInCurrentImage$filt$0 0000000140004cb4     MSVCRT:ehvecdtr.obj
 0002:00000cb4       $unwind$?fin$0@?0???_M@YAXPEAX_KHP6AX0@Z@Z@4HA 0000000140004cb4     MSVCRT:ehvecdtr.obj
 0002:00000cb4       $unwind$__tmainCRTStartup$filt$0 0000000140004cb4     MSVCRT:ehvecdtr.obj
 0002:00000cb4       $unwind$_onexit$fin$0      0000000140004cb4     MSVCRT:ehvecdtr.obj
 0002:00000cbc       $unwind$?__ArrayUnwind@@YAXPEAX_KHP6AX0@Z@Z 0000000140004cbc     MSVCRT:ehvecdtr.obj
 0002:00000ce4       $unwind$_IsNonwritableInCurrentImage 0000000140004ce4     MSVCRT:pesect.obj
 0002:00000d08       $unwind$__security_init_cookie 0000000140004d08     MSVCRT:gs_support.obj
 0002:00000d14       $unwind$_onexit            0000000140004d14     MSVCRT:atonexit.obj
 0002:00001192       .idata$6                   0000000140005192     kernel32:KERNEL32.dll
 0002:00001486       .idata$6                   0000000140005486     user32:USER32.dll
 0002:000014e2       .idata$6                   00000001400054e2     advapi32:ADVAPI32.dll
 0002:00001500       .idata$6                   0000000140005500     shell32:SHELL32.dll
 0002:0000153c       .idata$6                   000000014000553c     MSVCRT:MSVCR120.dll
 0003:000001c0       has_cctor                  00000001400061c0     MSVCRT:wcrtexew.obj
 0003:000001c4       mainret                    00000001400061c4     MSVCRT:wcrtexew.obj
 0003:000001c8       managedapp                 00000001400061c8     MSVCRT:wcrtexew.obj
 0003:000001cc       argc                       00000001400061cc     MSVCRT:wcrtexew.obj
 0003:000001d0       argv                       00000001400061d0     MSVCRT:wcrtexew.obj
 0003:000001d8       envp                       00000001400061d8     MSVCRT:wcrtexew.obj
 0003:000001e0       argret                     00000001400061e0     MSVCRT:wcrtexew.obj
 0003:000001e4       startinfo                  00000001400061e4     MSVCRT:wcrtexew.obj
 0003:000001f0       GS_ExceptionRecord         00000001400061f0     MSVCRT:gs_report.obj
 0003:00000290       GS_ContextRecord           0000000140006290     MSVCRT:gs_report.obj
 0003:00000760       DebuggerWasPresent         0000000140006760     MSVCRT:gs_report.obj
 0003:00000774       ?bNextHotkeyID@?1??RegisterHandlerHotkey@@YAEEII@Z@4EA 0000000140006774     * CIL library *:* CIL module *
 0004:00000000       $pdata$?Initialize@CClipboardHistory@@UEAAHEPEAUHWND__@@PEAUHINSTANCE__@@P6AEEII@Z@Z 0000000140007000     * CIL library *:* CIL module *
 0004:0000000c       $pdata$?HandleHotkey@CClipboardHistory@@UEAAXEK@Z 000000014000700c     * CIL library *:* CIL module *
 0004:00000018       $pdata$?ShutDown@CClipboardHistory@@UEAAXP6AXEE@Z@Z 0000000140007018     * CIL library *:* CIL module *
 0004:00000024       $pdata$?NotifyDrawClipboard@CClipboardHistory@@QEAAXI_K_J@Z 0000000140007024     * CIL library *:* CIL module *
 0004:00000030       $pdata$?PushHistoryPoint@CClipboardHistory@@AEAAXPEA_W_K@Z 0000000140007030     * CIL library *:* CIL module *
 0004:0000003c       $pdata$?PasteHistoryPoint@CClipboardHistory@@AEAAXE@Z 000000014000703c     * CIL library *:* CIL module *
 0004:00000048       $pdata$?StringCchPrintfW@@YAJPEA_W_KPEB_WZZ 0000000140007048     * CIL library *:* CIL module *
 0004:00000054       $pdata$?StringCchCopyW@@YAJPEA_W_KPEB_W@Z 0000000140007054     * CIL library *:* CIL module *
 0004:00000060       $pdata$?Initialize@CDummyTextGenerator@@UEAAHEPEAUHWND__@@PEAUHINSTANCE__@@P6AEEII@Z@Z 0000000140007060     * CIL library *:* CIL module *
 0004:0000006c       $pdata$?HandleHotkey@CDummyTextGenerator@@UEAAXEK@Z 000000014000706c     * CIL library *:* CIL module *
 0004:00000078       $pdata$?NotifyKeyUp@CLayoutSwitcher@@UEAAHK@Z 0000000140007078     * CIL library *:* CIL module *
 0004:00000084       $pdata$?Initialize@CShellExecutor@@UEAAHEPEAUHWND__@@PEAUHINSTANCE__@@P6AEEII@Z@Z 0000000140007084     * CIL library *:* CIL module *
 0004:00000090       $pdata$?HandleHotkey@CShellExecutor@@UEAAXEK@Z 0000000140007090     * CIL library *:* CIL module *
 0004:0000009c       $pdata$?ShutDown@CShellExecutor@@UEAAXP6AXEE@Z@Z 000000014000709c     * CIL library *:* CIL module *
 0004:000000a8       $pdata$?RegisterHotkey@CShellExecutor@@AEAAEPEAUHKEY__@@PEA_WP6AEEII@Z@Z 00000001400070a8     * CIL library *:* CIL module *
 0004:000000b4       $pdata$wWinMain            00000001400070b4     * CIL library *:* CIL module *
 0004:000000c0       $pdata$?WindowProc@@YA_JPEAUHWND__@@I_K_J@Z 00000001400070c0     * CIL library *:* CIL module *
 0004:000000cc       $pdata$?RegisterHandlerHotkey@@YAEEII@Z 00000001400070cc     * CIL library *:* CIL module *
 0004:000000d8       $pdata$?UnregisterHandlerHotkey@@YAXEE@Z 00000001400070d8     * CIL library *:* CIL module *
 0004:000000e4       $pdata$?LowLevelHookProc@@YA_JH_K_J@Z 00000001400070e4     * CIL library *:* CIL module *
 0004:000000f0       $pdata$?ShowCustomError@@YAXII@Z 00000001400070f0     * CIL library *:* CIL module *
 0004:000000fc       $pdata$?ShowWin32Error@@YAXKII@Z 00000001400070fc     * CIL library *:* CIL module *
 0004:00000108       $pdata$?Initialize@CZOrderChanger@@UEAAHEPEAUHWND__@@PEAUHINSTANCE__@@P6AEEII@Z@Z 0000000140007108     * CIL library *:* CIL module *
 0004:00000114       $pdata$?HandleHotkey@CZOrderChanger@@UEAAXEK@Z 0000000140007114     * CIL library *:* CIL module *
 0004:0000012c       $pdata$??_Etype_info@@UEAAPEAXI@Z 000000014000712c     MSVCRT:ti_inst.obj
 0004:00000138       $pdata$pre_c_init          0000000140007138     MSVCRT:wcrtexew.obj
 0004:00000144       $pdata$pre_cpp_init        0000000140007144     MSVCRT:wcrtexew.obj
 0004:00000150       $pdata$__tmainCRTStartup   0000000140007150     MSVCRT:wcrtexew.obj
 0004:0000015c       $pdata$wWinMainCRTStartup  000000014000715c     MSVCRT:wcrtexew.obj
 0004:00000168       $pdata$__raise_securityfailure 0000000140007168     MSVCRT:gs_report.obj
 0004:00000174       $pdata$__report_gsfailure  0000000140007174     MSVCRT:gs_report.obj
 0004:00000180       $pdata$??_M@YAXPEAX_KHP6AX0@Z@Z 0000000140007180     MSVCRT:ehvecdtr.obj
 0004:0000018c       $pdata$?__ArrayUnwind@@YAXPEAX_KHP6AX0@Z@Z 000000014000718c     MSVCRT:ehvecdtr.obj
 0004:00000198       $pdata$?__CxxUnhandledExceptionFilter@@YAJPEAU_EXCEPTION_POINTERS@@@Z 0000000140007198     MSVCRT:unhandld.obj
 0004:000001a4       $pdata$__CxxSetUnhandledExceptionFilter 00000001400071a4     MSVCRT:unhandld.obj
 0004:000001b0       $pdata$_IsNonwritableInCurrentImage 00000001400071b0     MSVCRT:pesect.obj
 0004:000001bc       $pdata$__security_init_cookie 00000001400071bc     MSVCRT:gs_support.obj
 0004:000001c8       $pdata$__atonexitinit      00000001400071c8     MSVCRT:atonexit.obj
 0004:000001d4       $pdata$_onexit             00000001400071d4     MSVCRT:atonexit.obj
 0004:000001e0       $pdata$atexit              00000001400071e0     MSVCRT:atonexit.obj
 0004:000001ec       $pdata$_RTC_Initialize     00000001400071ec     MSVCRT:initsect.obj
 0004:000001f8       $pdata$_RTC_Terminate      00000001400071f8     MSVCRT:initsect.obj
 0004:00000204       $pdata$__GSHandlerCheck    0000000140007204     MSVCRT:gshandler.obj
 0004:00000210       $pdata$__GSHandlerCheckCommon 0000000140007210     MSVCRT:gshandler.obj
 0004:0000021c       $pdata$__tmainCRTStartup$filt$0 000000014000721c     MSVCRT:wcrtexew.obj
 0004:00000228       $pdata$?fin$0@?0???_M@YAXPEAX_KHP6AX0@Z@Z@4HA 0000000140007228     MSVCRT:ehvecdtr.obj
 0004:00000234       $pdata$?filt$0@?0??__ArrayUnwind@@YAXPEAX_KHP6AX0@Z@Z@4HA 0000000140007234     MSVCRT:ehvecdtr.obj
 0004:00000240       $pdata$_IsNonwritableInCurrentImage$filt$0 0000000140007240     MSVCRT:pesect.obj
 0004:0000024c       $pdata$_onexit$fin$0       000000014000724c     MSVCRT:atonexit.obj
 0005:000002a0       $R000000                   00000001400082a0     ShellExtender.res
 0005:00000660       $R0003C0                   0000000140008660     ShellExtender.res
 0005:0000c758       $R00C4B8                   0000000140014758     ShellExtender.res
 0005:0001cf80       $R01CCE0                   0000000140024f80     ShellExtender.res
 0005:0001f528       $R01F288                   0000000140027528     ShellExtender.res
 0005:000205d0       $R020330                   00000001400285d0     ShellExtender.res
 0005:00020f58       $R020CB8                   0000000140028f58     ShellExtender.res
 0005:000213c0       $R021120                   00000001400293c0     ShellExtender.res
 0005:00021420       $R021180                   0000000140029420     ShellExtender.res
 0005:00021728       $R021488                   0000000140029728     ShellExtender.res
 0005:000222f8       $R022058                   000000014002a2f8     ShellExtender.res
