 livekeys

 Timestamp is 5425689c (Fri Sep 26 16:22:36 2014)

 Preferred load address is 0000000140000000

 Start         Length     Name                   Class
 0001:00000000 00002022H .text$mn                CODE
 0001:00002030 000000cbH .text$x                 CODE
 0002:00000000 00000330H .idata$5                DATA
 0002:00000330 00000008H .CRT$XCA                DATA
 0002:00000338 00000008H .CRT$XCAA               DATA
 0002:00000340 00000008H .CRT$XCZ                DATA
 0002:00000348 00000008H .CRT$XIA                DATA
 0002:00000350 00000008H .CRT$XIAA               DATA
 0002:00000358 00000008H .CRT$XIC                DATA
 0002:00000360 00000008H .CRT$XIY                DATA
 0002:00000368 00000008H .CRT$XIZ                DATA
 0002:00000370 000003a0H .rdata                  DATA
 0002:00000710 0000005cH .rdata$debug            DATA
 0002:00000770 0000036cH .rdata$r                DATA
 0002:00000ae0 00000008H .rtc$IAA                DATA
 0002:00000ae8 00000008H .rtc$IZZ                DATA
 0002:00000af0 00000008H .rtc$TAA                DATA
 0002:00000af8 00000008H .rtc$TZZ                DATA
 0002:00000b00 0000024cH .xdata                  DATA
 0002:00000d4c 00000000H .edata                  DATA
 0002:00000d4c 00000064H .idata$2                DATA
 0002:00000db0 00000014H .idata$3                DATA
 0002:00000dc8 00000330H .idata$4                DATA
 0002:000010f8 00000720H .idata$6                DATA
 0003:00000000 000000a8H .data                   DATA
 0003:000000a8 00000115H .data$r                 DATA
 0003:000001c0 00000630H .bss                    DATA
 0004:00000000 00000264H .pdata                  DATA
 0005:00000000 00000298H .rsrc$01                DATA
 0005:000002a0 000221d8H .rsrc$02                DATA

  Address         Publics by Value              Rva+Base               Lib:Object

 0000:00000000       __guard_fids_count         0000000000000000     <absolute>
 0000:00000000       ___safe_se_handler_table   0000000000000000     <absolute>
 0000:00000000       __guard_flags              0000000000000000     <absolute>
 0000:00000000       __guard_fids_table         0000000000000000     <absolute>
 0000:00000000       ___safe_se_handler_count   0000000000000000     <absolute>
 0000:00000000       __ImageBase                0000000140000000     <linker-defined>
 0001:00000000       ?Initialize@CClipboardHistory@@UEAAHEPEAUHWND__@@PEAUHINSTANCE__@@P6AEEII@Z@Z 0000000140001000 f   ClipboardHistory.obj
 0001:00000084       ?HandleHotkey@CClipboardHistory@@UEAAXEK@Z 0000000140001084 f   ClipboardHistory.obj
 0001:00000248       ?ShutDown@CClipboardHistory@@UEAAXP6AXEE@Z@Z 0000000140001248 f   ClipboardHistory.obj
 0001:000002bc       ?NotifyDrawClipboard@CClipboardHistory@@QEAAXI_K_J@Z 00000001400012bc f   ClipboardHistory.obj
 0001:000003c4       ?PushHistoryPoint@CClipboardHistory@@AEAAXPEA_W_K@Z 00000001400013c4 f   ClipboardHistory.obj
 0001:00000514       ?PasteHistoryPoint@CClipboardHistory@@AEAAXE@Z 0000000140001514 f   ClipboardHistory.obj
 0001:00000620       ?StringCchPrintfW@@YAJPEA_W_KPEB_WZZ 0000000140001620 f i ClipboardHistory.obj
 0001:00000698       ?StringCchCopyW@@YAJPEA_W_KPEB_W@Z 0000000140001698 f i ClipboardHistory.obj
 0001:00000710       ?Initialize@CDummyTextGenerator@@UEAAHEPEAUHWND__@@PEAUHINSTANCE__@@P6AEEII@Z@Z 0000000140001710 f   DummyTextGenerator.obj
 0001:0000075c       ?HandleHotkey@CDummyTextGenerator@@UEAAXEK@Z 000000014000175c f   DummyTextGenerator.obj
 0001:00000950       ?ShutDown@CDummyTextGenerator@@UEAAXP6AXEE@Z@Z 0000000140001950 f   DummyTextGenerator.obj
 0001:0000095c       ?Initialize@CLayoutSwitcher@@UEAAHEPEAUHWND__@@PEAUHINSTANCE__@@P6AEEII@Z@Z 000000014000195c f   LayoutSwitcher.obj
 0001:0000095c       ?Initialize@CLiveKeysHandler@@UEAAHEPEAUHWND__@@PEAUHINSTANCE__@@P6AEEII@Z@Z 000000014000195c f   LiveKeysHandler.obj
 0001:00000968       ?ShutDown@CLayoutSwitcher@@UEAAXP6AXEE@Z@Z 0000000140001968 f   LayoutSwitcher.obj
 0001:00000968       ?ShutDown@CLiveKeysHandler@@UEAAXP6AXEE@Z@Z 0000000140001968 f   LiveKeysHandler.obj
 0001:00000968       ?HandleCommand@CLiveKeysHandler@@UEAAX_J@Z 0000000140001968 f   LiveKeysHandler.obj
 0001:00000968       ?HandleHotkey@CLiveKeysHandler@@UEAAXEK@Z 0000000140001968 f   LiveKeysHandler.obj
 0001:0000096c       ?NotifyKeyDown@CLayoutSwitcher@@UEAAHK@Z 000000014000196c f   LayoutSwitcher.obj
 0001:00000974       ?NotifyKeyUp@CLayoutSwitcher@@UEAAHK@Z 0000000140001974 f   LayoutSwitcher.obj
 0001:000009b0       ?SetLayout@CLayoutSwitcher@@AEAAXK@Z 00000001400019b0 f   LayoutSwitcher.obj
 0001:00000a64       ?NotifyKeyDown@CLiveKeysHandler@@UEAAHK@Z 0000000140001a64 f   LiveKeysHandler.obj
 0001:00000a64       _wsetargv                  0000000140001a64 f   MSVCRT:wdllargv.obj
 0001:00000a64       ?NotifyKeyUp@CLiveKeysHandler@@UEAAHK@Z 0000000140001a64 f   LiveKeysHandler.obj
 0001:00000a64       _matherr                   0000000140001a64 f   MSVCRT:merr.obj
 0001:00000a68       ?Initialize@CShellExecutor@@UEAAHEPEAUHWND__@@PEAUHINSTANCE__@@P6AEEII@Z@Z 0000000140001a68 f   ShellExecutor.obj
 0001:00000bd4       ?HandleHotkey@CShellExecutor@@UEAAXEK@Z 0000000140001bd4 f   ShellExecutor.obj
 0001:00000c80       ?ShutDown@CShellExecutor@@UEAAXP6AXEE@Z@Z 0000000140001c80 f   ShellExecutor.obj
 0001:00000ce4       ?RegisterHotkey@CShellExecutor@@AEAAEPEAUHKEY__@@PEA_WP6AEEII@Z@Z 0000000140001ce4 f   ShellExecutor.obj
 0001:00000da4       wWinMain                   0000000140001da4 f   ShellExtender.obj
 0001:000010d4       ?WindowProc@@YA_JPEAUHWND__@@I_K_J@Z 00000001400020d4 f   ShellExtender.obj
 0001:000011d0       ?RegisterHandlerHotkey@@YAEEII@Z 00000001400021d0 f   ShellExtender.obj
 0001:00001240       ?UnregisterHandlerHotkey@@YAXEE@Z 0000000140002240 f   ShellExtender.obj
 0001:00001294       ?LowLevelHookProc@@YA_JH_K_J@Z 0000000140002294 f   ShellExtender.obj
 0001:00001398       ?ShowCustomError@@YAXII@Z  0000000140002398 f   utils.obj
 0001:000014c8       ?ShowWin32Error@@YAXKII@Z  00000001400024c8 f   utils.obj
 0001:0000157c       ?Initialize@CZOrderChanger@@UEAAHEPEAUHWND__@@PEAUHINSTANCE__@@P6AEEII@Z@Z 000000014000257c f   ZOrderChanger.obj
 0001:000015c0       ?HandleHotkey@CZOrderChanger@@UEAAXEK@Z 00000001400025c0 f   ZOrderChanger.obj
 0001:00001624       ?ShutDown@CZOrderChanger@@UEAAXP6AXEE@Z@Z 0000000140002624 f   ZOrderChanger.obj
 0001:00001640       __security_check_cookie    0000000140002640 f   MSVCRT:amdsecgs.obj
 0001:00001660       ??3@YAXPEAX@Z              0000000140002660 f   MSVCRT:MSVCR120.dll
 0001:00001668       ??_Etype_info@@UEAAPEAXI@Z 0000000140002668 f i MSVCRT:ti_inst.obj
 0001:00001a04       wWinMainCRTStartup         0000000140002a04 f   MSVCRT:wcrtexew.obj
 0001:00001a18       __raise_securityfailure    0000000140002a18 f   MSVCRT:gs_report.obj
 0001:00001a64       __report_gsfailure         0000000140002a64 f   MSVCRT:gs_report.obj
 0001:00001b38       ??_M@YAXPEAX_KHP6AX0@Z@Z   0000000140002b38 f   MSVCRT:ehvecdtr.obj
 0001:00001b98       ?__ArrayUnwind@@YAXPEAX_KHP6AX0@Z@Z 0000000140002b98 f   MSVCRT:ehvecdtr.obj
 0001:00001be4       ?__CxxUnhandledExceptionFilter@@YAJPEAU_EXCEPTION_POINTERS@@@Z 0000000140002be4 f   MSVCRT:unhandld.obj
 0001:00001c1c       __CxxSetUnhandledExceptionFilter 0000000140002c1c f   MSVCRT:unhandld.obj
 0001:00001c34       _XcptFilter                0000000140002c34 f   MSVCRT:MSVCR120.dll
 0001:00001c3a       _amsg_exit                 0000000140002c3a f   MSVCRT:MSVCR120.dll
 0001:00001c40       _FindPESection             0000000140002c40 f   MSVCRT:pesect.obj
 0001:00001c90       _IsNonwritableInCurrentImage 0000000140002c90 f   MSVCRT:pesect.obj
 0001:00001ce0       _ValidateImageBase         0000000140002ce0 f   MSVCRT:pesect.obj
 0001:00001d10       __security_init_cookie     0000000140002d10 f   MSVCRT:gs_support.obj
 0001:00001dbc       __atonexitinit             0000000140002dbc f   MSVCRT:atonexit.obj
 0001:00001e0c       _onexit                    0000000140002e0c f   MSVCRT:atonexit.obj
 0001:00001ebc       atexit                     0000000140002ebc f   MSVCRT:atonexit.obj
 0001:00001ed4       _RTC_Initialize            0000000140002ed4 f   MSVCRT:initsect.obj
 0001:00001f0c       _RTC_Terminate             0000000140002f0c f   MSVCRT:initsect.obj
 0001:00001f44       _initterm_e                0000000140002f44 f   MSVCRT:MSVCR120.dll
 0001:00001f4a       _initterm                  0000000140002f4a f   MSVCRT:MSVCR120.dll
 0001:00001f50       __C_specific_handler       0000000140002f50 f   MSVCRT:MSVCR120.dll
 0001:00001f56       __crt_debugger_hook        0000000140002f56 f   MSVCRT:MSVCR120.dll
 0001:00001f5c       __crtUnhandledException    0000000140002f5c f   MSVCRT:MSVCR120.dll
 0001:00001f62       __crtTerminateProcess      0000000140002f62 f   MSVCRT:MSVCR120.dll
 0001:00001f68       __crtCapturePreviousContext 0000000140002f68 f   MSVCRT:MSVCR120.dll
 0001:00001f6e       ?terminate@@YAXXZ          0000000140002f6e f   MSVCRT:MSVCR120.dll
 0001:00001f74       ??1type_info@@UEAA@XZ      0000000140002f74 f   MSVCRT:MSVCR120.dll
 0001:00001f74       ?_type_info_dtor_internal_method@type_info@@QEAAXXZ 0000000140002f74 f   MSVCRT:MSVCR120.dll
 0001:00001f7a       __crtSetUnhandledExceptionFilter 0000000140002f7a f   MSVCRT:MSVCR120.dll
 0001:00001f80       _lock                      0000000140002f80 f   MSVCRT:MSVCR120.dll
 0001:00001f86       _unlock                    0000000140002f86 f   MSVCRT:MSVCR120.dll
 0001:00001f8c       __dllonexit                0000000140002f8c f   MSVCRT:MSVCR120.dll
 0001:00001f92       IsProcessorFeaturePresent  0000000140002f92 f   kernel32:KERNEL32.dll
 0001:00001f98       __GSHandlerCheck           0000000140002f98 f   MSVCRT:gshandler.obj
 0001:00001fb8       __GSHandlerCheckCommon     0000000140002fb8 f   MSVCRT:gshandler.obj
 0001:0000201c       memset                     000000014000301c f   MSVCRT:MSVCR120.dll
 0002:00000000       __imp_RegEnumKeyW          0000000140004000     advapi32:ADVAPI32.dll
 0002:00000008       __imp_RegCloseKey          0000000140004008     advapi32:ADVAPI32.dll
 0002:00000010       __imp_RegQueryInfoKeyW     0000000140004010     advapi32:ADVAPI32.dll
 0002:00000018       __imp_RegGetValueW         0000000140004018     advapi32:ADVAPI32.dll
 0002:00000020       __imp_RegOpenKeyExW        0000000140004020     advapi32:ADVAPI32.dll
 0002:00000028       \177ADVAPI32_NULL_THUNK_DATA 0000000140004028     advapi32:ADVAPI32.dll
 0002:00000030       __imp_CreateMutexW         0000000140004030     kernel32:KERNEL32.dll
 0002:00000038       __imp_WaitForSingleObject  0000000140004038     kernel32:KERNEL32.dll
 0002:00000040       __imp_GetModuleHandleW     0000000140004040     kernel32:KERNEL32.dll
 0002:00000048       __imp_FormatMessageW       0000000140004048     kernel32:KERNEL32.dll
 0002:00000050       __imp_LocalFree            0000000140004050     kernel32:KERNEL32.dll
 0002:00000058       __imp_GlobalFree           0000000140004058     kernel32:KERNEL32.dll
 0002:00000060       __imp_GetSystemTimeAsFileTime 0000000140004060     kernel32:KERNEL32.dll
 0002:00000068       __imp_GetCurrentThreadId   0000000140004068     kernel32:KERNEL32.dll
 0002:00000070       __imp_GetCurrentProcessId  0000000140004070     kernel32:KERNEL32.dll
 0002:00000078       __imp_QueryPerformanceCounter 0000000140004078     kernel32:KERNEL32.dll
 0002:00000080       __imp_IsProcessorFeaturePresent 0000000140004080     kernel32:KERNEL32.dll
 0002:00000088       __imp_IsDebuggerPresent    0000000140004088     kernel32:KERNEL32.dll
 0002:00000090       __imp_EncodePointer        0000000140004090     kernel32:KERNEL32.dll
 0002:00000098       __imp_GlobalAlloc          0000000140004098     kernel32:KERNEL32.dll
 0002:000000a0       __imp_GlobalUnlock         00000001400040a0     kernel32:KERNEL32.dll
 0002:000000a8       __imp_GlobalLock           00000001400040a8     kernel32:KERNEL32.dll
 0002:000000b0       __imp_GetLastError         00000001400040b0     kernel32:KERNEL32.dll
 0002:000000b8       __imp_DecodePointer        00000001400040b8     kernel32:KERNEL32.dll
 0002:000000c0       __imp_SetLastError         00000001400040c0     kernel32:KERNEL32.dll
 0002:000000c8       \177KERNEL32_NULL_THUNK_DATA 00000001400040c8     kernel32:KERNEL32.dll
 0002:000000d0       __imp_?_type_info_dtor_internal_method@type_info@@QEAAXXZ 00000001400040d0     MSVCRT:MSVCR120.dll
 0002:000000d8       __imp_?terminate@@YAXXZ    00000001400040d8     MSVCRT:MSVCR120.dll
 0002:000000e0       __imp___crtSetUnhandledExceptionFilter 00000001400040e0     MSVCRT:MSVCR120.dll
 0002:000000e8       __imp___crtTerminateProcess 00000001400040e8     MSVCRT:MSVCR120.dll
 0002:000000f0       __imp___crtUnhandledException 00000001400040f0     MSVCRT:MSVCR120.dll
 0002:000000f8       __imp___crt_debugger_hook  00000001400040f8     MSVCRT:MSVCR120.dll
 0002:00000100       __imp__commode             0000000140004100     MSVCRT:MSVCR120.dll
 0002:00000108       __imp__fmode               0000000140004108     MSVCRT:MSVCR120.dll
 0002:00000110       __imp__wcmdln              0000000140004110     MSVCRT:MSVCR120.dll
 0002:00000118       __imp___C_specific_handler 0000000140004118     MSVCRT:MSVCR120.dll
 0002:00000120       __imp__initterm            0000000140004120     MSVCRT:MSVCR120.dll
 0002:00000128       __imp__initterm_e          0000000140004128     MSVCRT:MSVCR120.dll
 0002:00000130       __imp___setusermatherr     0000000140004130     MSVCRT:MSVCR120.dll
 0002:00000138       __imp__configthreadlocale  0000000140004138     MSVCRT:MSVCR120.dll
 0002:00000140       __imp__cexit               0000000140004140     MSVCRT:MSVCR120.dll
 0002:00000148       __imp__exit                0000000140004148     MSVCRT:MSVCR120.dll
 0002:00000150       __imp_exit                 0000000140004150     MSVCRT:MSVCR120.dll
 0002:00000158       __imp___set_app_type       0000000140004158     MSVCRT:MSVCR120.dll
 0002:00000160       __imp___wgetmainargs       0000000140004160     MSVCRT:MSVCR120.dll
 0002:00000168       __imp__amsg_exit           0000000140004168     MSVCRT:MSVCR120.dll
 0002:00000170       __imp___crtGetShowWindowMode 0000000140004170     MSVCRT:MSVCR120.dll
 0002:00000178       __imp__XcptFilter          0000000140004178     MSVCRT:MSVCR120.dll
 0002:00000180       __imp_??2@YAPEAX_K@Z       0000000140004180     MSVCRT:MSVCR120.dll
 0002:00000188       __imp_memset               0000000140004188     MSVCRT:MSVCR120.dll
 0002:00000190       __imp_??3@YAXPEAX@Z        0000000140004190     MSVCRT:MSVCR120.dll
 0002:00000198       __imp__lock                0000000140004198     MSVCRT:MSVCR120.dll
 0002:000001a0       __imp__unlock              00000001400041a0     MSVCRT:MSVCR120.dll
 0002:000001a8       __imp__calloc_crt          00000001400041a8     MSVCRT:MSVCR120.dll
 0002:000001b0       __imp___dllonexit          00000001400041b0     MSVCRT:MSVCR120.dll
 0002:000001b8       __imp__onexit              00000001400041b8     MSVCRT:MSVCR120.dll
 0002:000001c0       __imp___crtCapturePreviousContext 00000001400041c0     MSVCRT:MSVCR120.dll
 0002:000001c8       __imp__vsnwprintf          00000001400041c8     MSVCRT:MSVCR120.dll
 0002:000001d0       \177MSVCR120_NULL_THUNK_DATA 00000001400041d0     MSVCRT:MSVCR120.dll
 0002:000001d8       __imp_ShellExecuteW        00000001400041d8     shell32:SHELL32.dll
 0002:000001e0       \177SHELL32_NULL_THUNK_DATA 00000001400041e0     shell32:SHELL32.dll
 0002:000001e8       __imp_GetWindowLongW       00000001400041e8     user32:USER32.dll
 0002:000001f0       __imp_MessageBoxW          00000001400041f0     user32:USER32.dll
 0002:000001f8       __imp_PostMessageW         00000001400041f8     user32:USER32.dll
 0002:00000200       __imp_CallNextHookEx       0000000140004200     user32:USER32.dll
 0002:00000208       __imp_UnregisterHotKey     0000000140004208     user32:USER32.dll
 0002:00000210       __imp_RegisterHotKey       0000000140004210     user32:USER32.dll
 0002:00000218       __imp_DefWindowProcW       0000000140004218     user32:USER32.dll
 0002:00000220       __imp_PostQuitMessage      0000000140004220     user32:USER32.dll
 0002:00000228       __imp_UnhookWindowsHookEx  0000000140004228     user32:USER32.dll
 0002:00000230       __imp_DestroyWindow        0000000140004230     user32:USER32.dll
 0002:00000238       __imp_UnregisterClassW     0000000140004238     user32:USER32.dll
 0002:00000240       __imp_DispatchMessageW     0000000140004240     user32:USER32.dll
 0002:00000248       __imp_TranslateMessage     0000000140004248     user32:USER32.dll
 0002:00000250       __imp_GetMessageW          0000000140004250     user32:USER32.dll
 0002:00000258       __imp_SetWindowsHookExW    0000000140004258     user32:USER32.dll
 0002:00000260       __imp_CreateWindowExW      0000000140004260     user32:USER32.dll
 0002:00000268       __imp_RegisterClassExW     0000000140004268     user32:USER32.dll
 0002:00000270       __imp_GetKeyboardLayout    0000000140004270     user32:USER32.dll
 0002:00000278       __imp_GetWindowThreadProcessId 0000000140004278     user32:USER32.dll
 0002:00000280       __imp_SendInput            0000000140004280     user32:USER32.dll
 0002:00000288       __imp_LoadStringW          0000000140004288     user32:USER32.dll
 0002:00000290       __imp_SetClipboardData     0000000140004290     user32:USER32.dll
 0002:00000298       __imp_EmptyClipboard       0000000140004298     user32:USER32.dll
 0002:000002a0       __imp_SendMessageW         00000001400042a0     user32:USER32.dll
 0002:000002a8       __imp_CloseClipboard       00000001400042a8     user32:USER32.dll
 0002:000002b0       __imp_GetClipboardData     00000001400042b0     user32:USER32.dll
 0002:000002b8       __imp_OpenClipboard        00000001400042b8     user32:USER32.dll
 0002:000002c0       __imp_IsClipboardFormatAvailable 00000001400042c0     user32:USER32.dll
 0002:000002c8       __imp_GetClipboardOwner    00000001400042c8     user32:USER32.dll
 0002:000002d0       __imp_ChangeClipboardChain 00000001400042d0     user32:USER32.dll
 0002:000002d8       __imp_DestroyMenu          00000001400042d8     user32:USER32.dll
 0002:000002e0       __imp_TrackPopupMenu       00000001400042e0     user32:USER32.dll
 0002:000002e8       __imp_SetForegroundWindow  00000001400042e8     user32:USER32.dll
 0002:000002f0       __imp_GetForegroundWindow  00000001400042f0     user32:USER32.dll
 0002:000002f8       __imp_GetCursorPos         00000001400042f8     user32:USER32.dll
 0002:00000300       __imp_AppendMenuW          0000000140004300     user32:USER32.dll
 0002:00000308       __imp_CreatePopupMenu      0000000140004308     user32:USER32.dll
 0002:00000310       __imp_VkKeyScanW           0000000140004310     user32:USER32.dll
 0002:00000318       __imp_SetClipboardViewer   0000000140004318     user32:USER32.dll
 0002:00000320       __imp_SetWindowPos         0000000140004320     user32:USER32.dll
 0002:00000328       \177USER32_NULL_THUNK_DATA 0000000140004328     user32:USER32.dll
 0002:00000330       __xc_a                     0000000140004330     MSVCRT:cinitexe.obj
 0002:00000340       __xc_z                     0000000140004340     MSVCRT:cinitexe.obj
 0002:00000348       __xi_a                     0000000140004348     MSVCRT:cinitexe.obj
 0002:00000368       __xi_z                     0000000140004368     MSVCRT:cinitexe.obj
 0002:000003b0       ??_7type_info@@6B@         00000001400043b0     MSVCRT:ti_inst.obj
 0002:00000550       ??_7CClipboardHistory@@6B@ 0000000140004550     ClipboardHistory.obj
 0002:00000588       ??_7CDummyTextGenerator@@6B@ 0000000140004588     DummyTextGenerator.obj
 0002:000005c0       ??_7CLayoutSwitcher@@6B@   00000001400045c0     LayoutSwitcher.obj
 0002:000005f8       ??_7CLiveKeysHandler@@6B@  00000001400045f8     LiveKeysHandler.obj
 0002:00000630       ??_7CShellExecutor@@6B@    0000000140004630     ShellExecutor.obj
 0002:00000668       ??_7CZOrderChanger@@6B@    0000000140004668     ZOrderChanger.obj
 0002:000006a0       _load_config_used          00000001400046a0     MSVCRT:loadcfg.obj
 0002:00000770       ??_R4type_info@@6B@        0000000140004770     MSVCRT:ti_inst.obj
 0002:00000798       ??_R3type_info@@8          0000000140004798     MSVCRT:ti_inst.obj
 0002:000007b0       ??_R2type_info@@8          00000001400047b0     MSVCRT:ti_inst.obj
 0002:000007c0       ??_R1A@?0A@EA@type_info@@8 00000001400047c0     MSVCRT:ti_inst.obj
 0002:000007e8       ??_R2CClipboardHistory@@8  00000001400047e8     ClipboardHistory.obj
 0002:00000800       ??_R2CLiveKeysHandler@@8   0000000140004800     ClipboardHistory.obj
 0002:00000810       ??_R1A@?0A@EA@CClipboardHistory@@8 0000000140004810     ClipboardHistory.obj
 0002:00000838       ??_R1A@?0A@EA@CLiveKeysHandler@@8 0000000140004838     ClipboardHistory.obj
 0002:00000860       ??_R3CLiveKeysHandler@@8   0000000140004860     ClipboardHistory.obj
 0002:00000878       ??_R3CClipboardHistory@@8  0000000140004878     ClipboardHistory.obj
 0002:00000890       ??_R4CClipboardHistory@@6B@ 0000000140004890     ClipboardHistory.obj
 0002:000008b8       ??_R2CDummyTextGenerator@@8 00000001400048b8     DummyTextGenerator.obj
 0002:000008d0       ??_R1A@?0A@EA@CDummyTextGenerator@@8 00000001400048d0     DummyTextGenerator.obj
 0002:000008f8       ??_R3CDummyTextGenerator@@8 00000001400048f8     DummyTextGenerator.obj
 0002:00000910       ??_R4CDummyTextGenerator@@6B@ 0000000140004910     DummyTextGenerator.obj
 0002:00000938       ??_R2CLayoutSwitcher@@8    0000000140004938     LayoutSwitcher.obj
 0002:00000950       ??_R1A@?0A@EA@CLayoutSwitcher@@8 0000000140004950     LayoutSwitcher.obj
 0002:00000978       ??_R3CLayoutSwitcher@@8    0000000140004978     LayoutSwitcher.obj
 0002:00000990       ??_R4CLayoutSwitcher@@6B@  0000000140004990     LayoutSwitcher.obj
 0002:000009b8       ??_R4CLiveKeysHandler@@6B@ 00000001400049b8     LiveKeysHandler.obj
 0002:000009e0       ??_R2CShellExecutor@@8     00000001400049e0     ShellExecutor.obj
 0002:000009f8       ??_R1A@?0A@EA@CShellExecutor@@8 00000001400049f8     ShellExecutor.obj
 0002:00000a20       ??_R3CShellExecutor@@8     0000000140004a20     ShellExecutor.obj
 0002:00000a38       ??_R4CShellExecutor@@6B@   0000000140004a38     ShellExecutor.obj
 0002:00000a60       ??_R2CZOrderChanger@@8     0000000140004a60     ZOrderChanger.obj
 0002:00000a78       ??_R1A@?0A@EA@CZOrderChanger@@8 0000000140004a78     ZOrderChanger.obj
 0002:00000aa0       ??_R3CZOrderChanger@@8     0000000140004aa0     ZOrderChanger.obj
 0002:00000ab8       ??_R4CZOrderChanger@@6B@   0000000140004ab8     ZOrderChanger.obj
 0002:00000ae0       __rtc_iaa                  0000000140004ae0     MSVCRT:initsect.obj
 0002:00000ae8       __rtc_izz                  0000000140004ae8     MSVCRT:initsect.obj
 0002:00000af0       __rtc_taa                  0000000140004af0     MSVCRT:initsect.obj
 0002:00000af8       __rtc_tzz                  0000000140004af8     MSVCRT:initsect.obj
 0002:00000d4c       __IMPORT_DESCRIPTOR_KERNEL32 0000000140004d4c     kernel32:KERNEL32.dll
 0002:00000d60       __IMPORT_DESCRIPTOR_USER32 0000000140004d60     user32:USER32.dll
 0002:00000d74       __IMPORT_DESCRIPTOR_ADVAPI32 0000000140004d74     advapi32:ADVAPI32.dll
 0002:00000d88       __IMPORT_DESCRIPTOR_SHELL32 0000000140004d88     shell32:SHELL32.dll
 0002:00000d9c       __IMPORT_DESCRIPTOR_MSVCR120 0000000140004d9c     MSVCRT:MSVCR120.dll
 0002:00000db0       __NULL_IMPORT_DESCRIPTOR   0000000140004db0     kernel32:KERNEL32.dll
 0003:00000000       __security_cookie          0000000140006000     MSVCRT:gs_cookie.obj
 0003:00000008       __security_cookie_complement 0000000140006008     MSVCRT:gs_cookie.obj
 0003:00000010       __defaultmatherr           0000000140006010     MSVCRT:merr.obj
 0003:00000014       __globallocalestatus       0000000140006014     MSVCRT:xthdloc.obj
 0003:00000018       __native_dllmain_reason    0000000140006018     MSVCRT:natstart.obj
 0003:00000020       ?g_szMainKeyRegVal@@3PA_WA 0000000140006020     ShellExecutor.obj
 0003:00000030       ?g_szAsyncKeyRegVal@@3PA_WA 0000000140006030     ShellExecutor.obj
 0003:00000048       ?g_szExecutorRegKey@@3PA_WA 0000000140006048     ShellExecutor.obj
 0003:00000080       ?g_szQLaunchCmd@@3PA_WA    0000000140006080     ShellExecutor.obj
 0003:00000090       ?g_szQLaunchExe@@3PA_WA    0000000140006090     ShellExecutor.obj
 0003:000000a8       ??_R0?AVtype_info@@@8      00000001400060a8     MSVCRT:ti_inst.obj
 0003:000000c8       ??_R0?AVCLiveKeysHandler@@@8 00000001400060c8     ClipboardHistory.obj
 0003:000000f0       ??_R0?AVCClipboardHistory@@@8 00000001400060f0     ClipboardHistory.obj
 0003:00000118       ??_R0?AVCDummyTextGenerator@@@8 0000000140006118     DummyTextGenerator.obj
 0003:00000148       ??_R0?AVCLayoutSwitcher@@@8 0000000140006148     LayoutSwitcher.obj
 0003:00000170       ??_R0?AVCShellExecutor@@@8 0000000140006170     ShellExecutor.obj
 0003:00000198       ??_R0?AVCZOrderChanger@@@8 0000000140006198     ZOrderChanger.obj
 0003:00000764       _commode                   0000000140006764     MSVCRT:xncommod.obj
 0003:00000768       _dowildcard                0000000140006768     MSVCRT:wildcard.obj
 0003:0000076c       _newmode                   000000014000676c     MSVCRT:_newmode.obj
 0003:00000770       _fmode                     0000000140006770     MSVCRT:xtxtmode.obj
 0003:00000780       ?g_pHandlers@@3PAPEAVCLiveKeysHandler@@A 0000000140006780     ShellExtender.obj
 0003:000007a8       ?g_hHook@@3PEAUHHOOK__@@EA 00000001400067a8     ShellExtender.obj
 0003:000007b0       ?g_hWnd@@3PEAUHWND__@@EA   00000001400067b0     ShellExtender.obj
 0003:000007b8       ?g_hInst@@3PEAUHINSTANCE__@@EA 00000001400067b8     ShellExtender.obj
 0003:000007c0       __@@_PchSym_@00@UwveUorevpvbhUlyqUcGEUivovzhvUhgwzucOlyq@E6FE709EEFD122E8 00000001400067c0     stdafx.obj
 0003:000007c8       __native_startup_lock      00000001400067c8     <common>
 0003:000007d0       __native_startup_state     00000001400067d0     <common>
 0003:000007d8       __onexitend                00000001400067d8     <common>
 0003:000007e0       __onexitbegin              00000001400067e0     <common>
 0003:000007e8       __dyn_tls_init_callback    00000001400067e8     <common>

 entry point at        0001:00001a04

 Static symbols

 0000:fffd4000       .debug$S                   0000000140000000     user32:USER32.dll
 0000:fffd4000       .debug$S                   0000000140000000     MSVCRT:MSVCR120.dll
 0000:fffd4000       .debug$S                   0000000140000000     MSVCRT:MSVCR120.dll
 0000:fffd4000       .debug$S                   0000000140000000     MSVCRT:MSVCR120.dll
 0000:fffd4000       .debug$S                   0000000140000000     MSVCRT:MSVCR120.dll
 0000:fffd4000       .debug$S                   0000000140000000     MSVCRT:MSVCR120.dll
 0000:fffd4000       .debug$S                   0000000140000000     MSVCRT:MSVCR120.dll
 0000:fffd4000       .debug$S                   0000000140000000     MSVCRT:MSVCR120.dll
 0000:fffd4000       .debug$S                   0000000140000000     MSVCRT:MSVCR120.dll
 0000:fffd4000       .debug$S                   0000000140000000     MSVCRT:MSVCR120.dll
 0000:fffd4000       .debug$S                   0000000140000000     MSVCRT:MSVCR120.dll
 0000:fffd4000       .debug$S                   0000000140000000     MSVCRT:MSVCR120.dll
 0000:fffd4000       .debug$S                   0000000140000000     MSVCRT:MSVCR120.dll
 0000:fffd4000       .debug$S                   0000000140000000     MSVCRT:MSVCR120.dll
 0000:fffd4000       .debug$S                   0000000140000000     MSVCRT:MSVCR120.dll
 0000:fffd4000       .debug$S                   0000000140000000     MSVCRT:MSVCR120.dll
 0000:fffd4000       .debug$S                   0000000140000000     MSVCRT:MSVCR120.dll
 0000:fffd4000       .debug$S                   0000000140000000     MSVCRT:MSVCR120.dll
 0000:fffd4000       .debug$S                   0000000140000000     MSVCRT:MSVCR120.dll
 0000:fffd4000       .debug$S                   0000000140000000     MSVCRT:MSVCR120.dll
 0000:fffd4000       .debug$S                   0000000140000000     MSVCRT:MSVCR120.dll
 0000:fffd4000       .debug$S                   0000000140000000     MSVCRT:MSVCR120.dll
 0000:fffd4000       .debug$S                   0000000140000000     MSVCRT:MSVCR120.dll
 0000:fffd4000       .debug$S                   0000000140000000     MSVCRT:MSVCR120.dll
 0000:fffd4000       .debug$S                   0000000140000000     MSVCRT:MSVCR120.dll
 0000:fffd4000       .debug$S                   0000000140000000     MSVCRT:MSVCR120.dll
 0000:fffd4000       .debug$S                   0000000140000000     MSVCRT:MSVCR120.dll
 0000:fffd4000       .debug$S                   0000000140000000     MSVCRT:MSVCR120.dll
 0000:fffd4000       .debug$S                   0000000140000000     MSVCRT:MSVCR120.dll
 0000:fffd4000       .debug$S                   0000000140000000     MSVCRT:MSVCR120.dll
 0000:fffd4000       .debug$S                   0000000140000000     MSVCRT:MSVCR120.dll
 0000:fffd4000       .debug$S                   0000000140000000     MSVCRT:MSVCR120.dll
 0000:fffd4000       .debug$S                   0000000140000000     MSVCRT:MSVCR120.dll
 0000:fffd4000       .debug$S                   0000000140000000     shell32:SHELL32.dll
 0000:fffd4000       .debug$S                   0000000140000000     advapi32:ADVAPI32.dll
 0000:fffd4000       .debug$S                   0000000140000000     advapi32:ADVAPI32.dll
 0000:fffd4000       .debug$S                   0000000140000000     advapi32:ADVAPI32.dll
 0000:fffd4000       .debug$S                   0000000140000000     advapi32:ADVAPI32.dll
 0000:fffd4000       .debug$S                   0000000140000000     advapi32:ADVAPI32.dll
 0000:fffd4000       .debug$S                   0000000140000000     user32:USER32.dll
 0000:fffd4000       .debug$S                   0000000140000000     user32:USER32.dll
 0000:fffd4000       .debug$S                   0000000140000000     user32:USER32.dll
 0000:fffd4000       .debug$S                   0000000140000000     user32:USER32.dll
 0000:fffd4000       .debug$S                   0000000140000000     user32:USER32.dll
 0000:fffd4000       .debug$S                   0000000140000000     user32:USER32.dll
 0000:fffd4000       .debug$S                   0000000140000000     user32:USER32.dll
 0000:fffd4000       .debug$S                   0000000140000000     user32:USER32.dll
 0000:fffd4000       .debug$S                   0000000140000000     MSVCRT:MSVCR120.dll
 0000:fffd4000       .debug$S                   0000000140000000     user32:USER32.dll
 0000:fffd4000       .debug$S                   0000000140000000     user32:USER32.dll
 0000:fffd4000       .debug$S                   0000000140000000     user32:USER32.dll
 0000:fffd4000       .debug$S                   0000000140000000     user32:USER32.dll
 0000:fffd4000       .debug$S                   0000000140000000     user32:USER32.dll
 0000:fffd4000       .debug$S                   0000000140000000     user32:USER32.dll
 0000:fffd4000       .debug$S                   0000000140000000     user32:USER32.dll
 0000:fffd4000       .debug$S                   0000000140000000     user32:USER32.dll
 0000:fffd4000       .debug$S                   0000000140000000     user32:USER32.dll
 0000:fffd4000       .debug$S                   0000000140000000     user32:USER32.dll
 0000:fffd4000       .debug$S                   0000000140000000     user32:USER32.dll
 0000:fffd4000       .debug$S                   0000000140000000     user32:USER32.dll
 0000:fffd4000       .debug$S                   0000000140000000     user32:USER32.dll
 0000:fffd4000       .debug$S                   0000000140000000     user32:USER32.dll
 0000:fffd4000       .debug$S                   0000000140000000     user32:USER32.dll
 0000:fffd4000       .debug$S                   0000000140000000     user32:USER32.dll
 0000:fffd4000       .debug$S                   0000000140000000     user32:USER32.dll
 0000:fffd4000       .debug$S                   0000000140000000     user32:USER32.dll
 0000:fffd4000       .debug$S                   0000000140000000     user32:USER32.dll
 0000:fffd4000       .debug$S                   0000000140000000     user32:USER32.dll
 0000:fffd4000       .debug$S                   0000000140000000     user32:USER32.dll
 0000:fffd4000       .debug$S                   0000000140000000     user32:USER32.dll
 0000:fffd4000       .debug$S                   0000000140000000     user32:USER32.dll
 0000:fffd4000       .debug$S                   0000000140000000     user32:USER32.dll
 0000:fffd4000       .debug$S                   0000000140000000     user32:USER32.dll
 0000:fffd4000       .debug$S                   0000000140000000     user32:USER32.dll
 0000:fffd4000       .debug$S                   0000000140000000     user32:USER32.dll
 0000:fffd4000       .debug$S                   0000000140000000     user32:USER32.dll
 0000:fffd4000       .debug$S                   0000000140000000     kernel32:KERNEL32.dll
 0000:fffd4000       .debug$S                   0000000140000000     kernel32:KERNEL32.dll
 0000:fffd4000       .debug$S                   0000000140000000     kernel32:KERNEL32.dll
 0000:fffd4000       .debug$S                   0000000140000000     kernel32:KERNEL32.dll
 0000:fffd4000       .debug$S                   0000000140000000     kernel32:KERNEL32.dll
 0000:fffd4000       .debug$S                   0000000140000000     kernel32:KERNEL32.dll
 0000:fffd4000       .debug$S                   0000000140000000     kernel32:KERNEL32.dll
 0000:fffd4000       .debug$S                   0000000140000000     kernel32:KERNEL32.dll
 0000:fffd4000       .debug$S                   0000000140000000     kernel32:KERNEL32.dll
 0000:fffd4000       .debug$S                   0000000140000000     kernel32:KERNEL32.dll
 0000:fffd4000       .debug$S                   0000000140000000     kernel32:KERNEL32.dll
 0000:fffd4000       .debug$S                   0000000140000000     kernel32:KERNEL32.dll
 0000:fffd4000       .debug$S                   0000000140000000     kernel32:KERNEL32.dll
 0000:fffd4000       .debug$S                   0000000140000000     kernel32:KERNEL32.dll
 0000:fffd4000       .debug$S                   0000000140000000     kernel32:KERNEL32.dll
 0000:fffd4000       .debug$S                   0000000140000000     kernel32:KERNEL32.dll
 0000:fffd4000       .debug$S                   0000000140000000     kernel32:KERNEL32.dll
 0000:fffd4000       .debug$S                   0000000140000000     kernel32:KERNEL32.dll
 0000:fffd4000       .debug$S                   0000000140000000     kernel32:KERNEL32.dll
 0000:fffd4000       .debug$S                   0000000140000000     user32:USER32.dll
 0000:fffd4000       .debug$S                   0000000140000000     user32:USER32.dll
 0000:fffd4000       .debug$S                   0000000140000000     user32:USER32.dll
 0001:00001630       $$000000                   0000000140002630     MSVCRT:amdsecgs.obj
 0001:000016d4       pre_c_init                 00000001400026d4 f   MSVCRT:wcrtexew.obj
 0001:000017a4       pre_cpp_init               00000001400027a4 f   MSVCRT:wcrtexew.obj
 0001:00001808       __tmainCRTStartup          0000000140002808 f   MSVCRT:wcrtexew.obj
 0001:00002030       __tmainCRTStartup$filt$0   0000000140003030 f   MSVCRT:wcrtexew.obj
 0001:0000204e       ?fin$0@?0???_M@YAXPEAX_KHP6AX0@Z@Z@4HA 000000014000304e f   MSVCRT:ehvecdtr.obj
 0001:0000207a       ?filt$0@?0??__ArrayUnwind@@YAXPEAX_KHP6AX0@Z@Z@4HA 000000014000307a f   MSVCRT:ehvecdtr.obj
 0001:000020c0       _IsNonwritableInCurrentImage$filt$0 00000001400030c0 f   MSVCRT:pesect.obj
 0001:000020e0       _onexit$fin$0              00000001400030e0 f   MSVCRT:atonexit.obj
 0002:00000338       pcppinit                   0000000140004338     MSVCRT:wcrtexew.obj
 0002:00000350       pcinit                     0000000140004350     MSVCRT:wcrtexew.obj
 0002:00000358       pinit                      0000000140004358     MSVCRT:atonexit.obj
 0002:00000360       pinit                      0000000140004360     MSVCRT:wcrtexew.obj
 0002:000003b8       GS_ExceptionPointers       00000001400043b8     MSVCRT:gs_report.obj
 0002:000003d0       $SG4294967289              00000001400043d0     ClipboardHistory.obj
 0002:000003e2       $SG4294966834              00000001400043e2     stdafx.obj
 0002:000003e8       $SG4294967124              00000001400043e8     DummyTextGenerator.obj
 0002:000003fc       $SG4294966833              00000001400043fc     stdafx.obj
 0002:00000400       $SG4294967123              0000000140004400     DummyTextGenerator.obj
 0002:00000418       $SG4294967122              0000000140004418     DummyTextGenerator.obj
 0002:00000430       $SG4294967121              0000000140004430     DummyTextGenerator.obj
 0002:00000448       $SG4294966986              0000000140004448     ShellExecutor.obj
 0002:00000460       $SG4294966914              0000000140004460     ShellExtender.obj
 0002:000004c0       $SG4294966913              00000001400044c0     ShellExtender.obj
 0002:000004d8       $SG4294966912              00000001400044d8     ShellExtender.obj
 0002:000004f0       $SG4294966911              00000001400044f0     ShellExtender.obj
 0002:00000508       $SG4294965642              0000000140004508     utils.obj
 0002:00000528       $SG4294965641              0000000140004528     utils.obj
 0002:00000b00       $unwind$?ShutDown@CShellExecutor@@UEAAXP6AXEE@Z@Z 0000000140004b00     ShellExecutor.obj
 0002:00000b00       $unwind$?Initialize@CClipboardHistory@@UEAAHEPEAUHWND__@@PEAUHINSTANCE__@@P6AEEII@Z@Z 0000000140004b00     ClipboardHistory.obj
 0002:00000b00       $unwind$?PasteHistoryPoint@CClipboardHistory@@AEAAXE@Z 0000000140004b00     ClipboardHistory.obj
 0002:00000b00       $unwind$?ShutDown@CClipboardHistory@@UEAAXP6AXEE@Z@Z 0000000140004b00     ClipboardHistory.obj
 0002:00000b14       $unwind$?HandleHotkey@CClipboardHistory@@UEAAXEK@Z 0000000140004b14     ClipboardHistory.obj
 0002:00000b38       $unwind$?NotifyDrawClipboard@CClipboardHistory@@QEAAXI_K_J@Z 0000000140004b38     ClipboardHistory.obj
 0002:00000b38       $unwind$?LowLevelHookProc@@YA_JH_K_J@Z 0000000140004b38     ShellExtender.obj
 0002:00000b50       $unwind$?PushHistoryPoint@CClipboardHistory@@AEAAXPEA_W_K@Z 0000000140004b50     ClipboardHistory.obj
 0002:00000b68       $unwind$?StringCchPrintfW@@YAJPEA_W_KPEB_WZZ 0000000140004b68     ClipboardHistory.obj
 0002:00000b78       $unwind$?StringCchCopyW@@YAJPEA_W_KPEB_W@Z 0000000140004b78     ClipboardHistory.obj
 0002:00000b80       $unwind$?Initialize@CDummyTextGenerator@@UEAAHEPEAUHWND__@@PEAUHINSTANCE__@@P6AEEII@Z@Z 0000000140004b80     DummyTextGenerator.obj
 0002:00000b80       $unwind$_RTC_Initialize    0000000140004b80     MSVCRT:initsect.obj
 0002:00000b80       $unwind$?Initialize@CZOrderChanger@@UEAAHEPEAUHWND__@@PEAUHINSTANCE__@@P6AEEII@Z@Z 0000000140004b80     ZOrderChanger.obj
 0002:00000b80       $unwind$_RTC_Terminate     0000000140004b80     MSVCRT:initsect.obj
 0002:00000b8c       $unwind$?HandleHotkey@CDummyTextGenerator@@UEAAXEK@Z 0000000140004b8c     DummyTextGenerator.obj
 0002:00000b9c       $unwind$__raise_securityfailure 0000000140004b9c     MSVCRT:gs_report.obj
 0002:00000b9c       $unwind$__GSHandlerCheckCommon 0000000140004b9c     MSVCRT:gshandler.obj
 0002:00000b9c       $unwind$__atonexitinit     0000000140004b9c     MSVCRT:atonexit.obj
 0002:00000b9c       $unwind$?UnregisterHandlerHotkey@@YAXEE@Z 0000000140004b9c     ShellExtender.obj
 0002:00000b9c       $unwind$?NotifyKeyUp@CLayoutSwitcher@@UEAAHK@Z 0000000140004b9c     LayoutSwitcher.obj
 0002:00000ba4       $unwind$?SetLayout@CLayoutSwitcher@@AEAAXK@Z 0000000140004ba4     LayoutSwitcher.obj
 0002:00000bbc       $unwind$?Initialize@CShellExecutor@@UEAAHEPEAUHWND__@@PEAUHINSTANCE__@@P6AEEII@Z@Z 0000000140004bbc     ShellExecutor.obj
 0002:00000bd0       $unwind$?HandleHotkey@CShellExecutor@@UEAAXEK@Z 0000000140004bd0     ShellExecutor.obj
 0002:00000be0       $unwind$?RegisterHotkey@CShellExecutor@@AEAAEPEAUHKEY__@@PEA_WP6AEEII@Z@Z 0000000140004be0     ShellExecutor.obj
 0002:00000bf4       $unwind$wWinMain           0000000140004bf4     ShellExtender.obj
 0002:00000c14       $unwind$atexit             0000000140004c14     MSVCRT:atonexit.obj
 0002:00000c14       $unwind$?WindowProc@@YA_JPEAUHWND__@@I_K_J@Z 0000000140004c14     ShellExtender.obj
 0002:00000c14       $unwind$?RegisterHandlerHotkey@@YAEEII@Z 0000000140004c14     ShellExtender.obj
 0002:00000c14       $unwind$wWinMainCRTStartup 0000000140004c14     MSVCRT:wcrtexew.obj
 0002:00000c14       $unwind$?__CxxUnhandledExceptionFilter@@YAJPEAU_EXCEPTION_POINTERS@@@Z 0000000140004c14     MSVCRT:unhandld.obj
 0002:00000c14       $unwind$__GSHandlerCheck   0000000140004c14     MSVCRT:gshandler.obj
 0002:00000c14       $unwind$__CxxSetUnhandledExceptionFilter 0000000140004c14     MSVCRT:unhandld.obj
 0002:00000c14       $unwind$pre_c_init         0000000140004c14     MSVCRT:wcrtexew.obj
 0002:00000c1c       $unwind$?ShowCustomError@@YAXII@Z 0000000140004c1c     utils.obj
 0002:00000c38       $unwind$?ShowWin32Error@@YAXKII@Z 0000000140004c38     utils.obj
 0002:00000c40       $unwind$?HandleHotkey@CZOrderChanger@@UEAAXEK@Z 0000000140004c40     ZOrderChanger.obj
 0002:00000c50       $xdatasym                  0000000140004c50     MSVCRT:amdsecgs.obj
 0002:00000c54       $unwind$??_Etype_info@@UEAAPEAXI@Z 0000000140004c54     MSVCRT:ti_inst.obj
 0002:00000c64       $unwind$pre_cpp_init       0000000140004c64     MSVCRT:wcrtexew.obj
 0002:00000c6c       $unwind$__tmainCRTStartup  0000000140004c6c     MSVCRT:wcrtexew.obj
 0002:00000c9c       $unwind$__report_gsfailure 0000000140004c9c     MSVCRT:gs_report.obj
 0002:00000ca4       $unwind$??_M@YAXPEAX_KHP6AX0@Z@Z 0000000140004ca4     MSVCRT:ehvecdtr.obj
 0002:00000ccc       $unwind$_onexit$fin$0      0000000140004ccc     MSVCRT:ehvecdtr.obj
 0002:00000ccc       $unwind$_IsNonwritableInCurrentImage$filt$0 0000000140004ccc     MSVCRT:ehvecdtr.obj
 0002:00000ccc       $unwind$?filt$0@?0??__ArrayUnwind@@YAXPEAX_KHP6AX0@Z@Z@4HA 0000000140004ccc     MSVCRT:ehvecdtr.obj
 0002:00000ccc       $unwind$?fin$0@?0???_M@YAXPEAX_KHP6AX0@Z@Z@4HA 0000000140004ccc     MSVCRT:ehvecdtr.obj
 0002:00000ccc       $unwind$__tmainCRTStartup$filt$0 0000000140004ccc     MSVCRT:ehvecdtr.obj
 0002:00000cd4       $unwind$?__ArrayUnwind@@YAXPEAX_KHP6AX0@Z@Z 0000000140004cd4     MSVCRT:ehvecdtr.obj
 0002:00000cfc       $unwind$_IsNonwritableInCurrentImage 0000000140004cfc     MSVCRT:pesect.obj
 0002:00000d20       $unwind$__security_init_cookie 0000000140004d20     MSVCRT:gs_support.obj
 0002:00000d2c       $unwind$_onexit            0000000140004d2c     MSVCRT:atonexit.obj
 0002:000011aa       .idata$6                   00000001400051aa     kernel32:KERNEL32.dll
 0002:0000149e       .idata$6                   000000014000549e     user32:USER32.dll
 0002:000014fa       .idata$6                   00000001400054fa     advapi32:ADVAPI32.dll
 0002:00001518       .idata$6                   0000000140005518     shell32:SHELL32.dll
 0002:00001554       .idata$6                   0000000140005554     MSVCRT:MSVCR120.dll
 0003:000001c0       has_cctor                  00000001400061c0     MSVCRT:wcrtexew.obj
 0003:000001c4       mainret                    00000001400061c4     MSVCRT:wcrtexew.obj
 0003:000001c8       managedapp                 00000001400061c8     MSVCRT:wcrtexew.obj
 0003:000001cc       argc                       00000001400061cc     MSVCRT:wcrtexew.obj
 0003:000001d0       argv                       00000001400061d0     MSVCRT:wcrtexew.obj
 0003:000001d8       envp                       00000001400061d8     MSVCRT:wcrtexew.obj
 0003:000001e0       argret                     00000001400061e0     MSVCRT:wcrtexew.obj
 0003:000001e4       startinfo                  00000001400061e4     MSVCRT:wcrtexew.obj
 0003:000001f0       GS_ExceptionRecord         00000001400061f0     MSVCRT:gs_report.obj
 0003:00000290       GS_ContextRecord           0000000140006290     MSVCRT:gs_report.obj
 0003:00000760       DebuggerWasPresent         0000000140006760     MSVCRT:gs_report.obj
 0003:00000774       ?bNextHotkeyID@?1??RegisterHandlerHotkey@@YAEEII@Z@4EA 0000000140006774     ShellExtender.obj
 0004:00000000       $pdata$?Initialize@CClipboardHistory@@UEAAHEPEAUHWND__@@PEAUHINSTANCE__@@P6AEEII@Z@Z 0000000140007000     ClipboardHistory.obj
 0004:0000000c       $pdata$?HandleHotkey@CClipboardHistory@@UEAAXEK@Z 000000014000700c     ClipboardHistory.obj
 0004:00000018       $pdata$?ShutDown@CClipboardHistory@@UEAAXP6AXEE@Z@Z 0000000140007018     ClipboardHistory.obj
 0004:00000024       $pdata$?NotifyDrawClipboard@CClipboardHistory@@QEAAXI_K_J@Z 0000000140007024     ClipboardHistory.obj
 0004:00000030       $pdata$?PushHistoryPoint@CClipboardHistory@@AEAAXPEA_W_K@Z 0000000140007030     ClipboardHistory.obj
 0004:0000003c       $pdata$?PasteHistoryPoint@CClipboardHistory@@AEAAXE@Z 000000014000703c     ClipboardHistory.obj
 0004:00000048       $pdata$?StringCchPrintfW@@YAJPEA_W_KPEB_WZZ 0000000140007048     ClipboardHistory.obj
 0004:00000054       $pdata$?StringCchCopyW@@YAJPEA_W_KPEB_W@Z 0000000140007054     ClipboardHistory.obj
 0004:00000060       $pdata$?Initialize@CDummyTextGenerator@@UEAAHEPEAUHWND__@@PEAUHINSTANCE__@@P6AEEII@Z@Z 0000000140007060     DummyTextGenerator.obj
 0004:0000006c       $pdata$?HandleHotkey@CDummyTextGenerator@@UEAAXEK@Z 000000014000706c     DummyTextGenerator.obj
 0004:00000078       $pdata$?NotifyKeyUp@CLayoutSwitcher@@UEAAHK@Z 0000000140007078     LayoutSwitcher.obj
 0004:00000084       $pdata$?SetLayout@CLayoutSwitcher@@AEAAXK@Z 0000000140007084     LayoutSwitcher.obj
 0004:00000090       $pdata$?Initialize@CShellExecutor@@UEAAHEPEAUHWND__@@PEAUHINSTANCE__@@P6AEEII@Z@Z 0000000140007090     ShellExecutor.obj
 0004:0000009c       $pdata$?HandleHotkey@CShellExecutor@@UEAAXEK@Z 000000014000709c     ShellExecutor.obj
 0004:000000a8       $pdata$?ShutDown@CShellExecutor@@UEAAXP6AXEE@Z@Z 00000001400070a8     ShellExecutor.obj
 0004:000000b4       $pdata$?RegisterHotkey@CShellExecutor@@AEAAEPEAUHKEY__@@PEA_WP6AEEII@Z@Z 00000001400070b4     ShellExecutor.obj
 0004:000000c0       $pdata$wWinMain            00000001400070c0     ShellExtender.obj
 0004:000000cc       $pdata$?WindowProc@@YA_JPEAUHWND__@@I_K_J@Z 00000001400070cc     ShellExtender.obj
 0004:000000d8       $pdata$?RegisterHandlerHotkey@@YAEEII@Z 00000001400070d8     ShellExtender.obj
 0004:000000e4       $pdata$?UnregisterHandlerHotkey@@YAXEE@Z 00000001400070e4     ShellExtender.obj
 0004:000000f0       $pdata$?LowLevelHookProc@@YA_JH_K_J@Z 00000001400070f0     ShellExtender.obj
 0004:000000fc       $pdata$?ShowCustomError@@YAXII@Z 00000001400070fc     utils.obj
 0004:00000108       $pdata$?ShowWin32Error@@YAXKII@Z 0000000140007108     utils.obj
 0004:00000114       $pdata$?Initialize@CZOrderChanger@@UEAAHEPEAUHWND__@@PEAUHINSTANCE__@@P6AEEII@Z@Z 0000000140007114     ZOrderChanger.obj
 0004:00000120       $pdata$?HandleHotkey@CZOrderChanger@@UEAAXEK@Z 0000000140007120     ZOrderChanger.obj
 0004:00000138       $pdata$??_Etype_info@@UEAAPEAXI@Z 0000000140007138     MSVCRT:ti_inst.obj
 0004:00000144       $pdata$pre_c_init          0000000140007144     MSVCRT:wcrtexew.obj
 0004:00000150       $pdata$pre_cpp_init        0000000140007150     MSVCRT:wcrtexew.obj
 0004:0000015c       $pdata$__tmainCRTStartup   000000014000715c     MSVCRT:wcrtexew.obj
 0004:00000168       $pdata$wWinMainCRTStartup  0000000140007168     MSVCRT:wcrtexew.obj
 0004:00000174       $pdata$__raise_securityfailure 0000000140007174     MSVCRT:gs_report.obj
 0004:00000180       $pdata$__report_gsfailure  0000000140007180     MSVCRT:gs_report.obj
 0004:0000018c       $pdata$??_M@YAXPEAX_KHP6AX0@Z@Z 000000014000718c     MSVCRT:ehvecdtr.obj
 0004:00000198       $pdata$?__ArrayUnwind@@YAXPEAX_KHP6AX0@Z@Z 0000000140007198     MSVCRT:ehvecdtr.obj
 0004:000001a4       $pdata$?__CxxUnhandledExceptionFilter@@YAJPEAU_EXCEPTION_POINTERS@@@Z 00000001400071a4     MSVCRT:unhandld.obj
 0004:000001b0       $pdata$__CxxSetUnhandledExceptionFilter 00000001400071b0     MSVCRT:unhandld.obj
 0004:000001bc       $pdata$_IsNonwritableInCurrentImage 00000001400071bc     MSVCRT:pesect.obj
 0004:000001c8       $pdata$__security_init_cookie 00000001400071c8     MSVCRT:gs_support.obj
 0004:000001d4       $pdata$__atonexitinit      00000001400071d4     MSVCRT:atonexit.obj
 0004:000001e0       $pdata$_onexit             00000001400071e0     MSVCRT:atonexit.obj
 0004:000001ec       $pdata$atexit              00000001400071ec     MSVCRT:atonexit.obj
 0004:000001f8       $pdata$_RTC_Initialize     00000001400071f8     MSVCRT:initsect.obj
 0004:00000204       $pdata$_RTC_Terminate      0000000140007204     MSVCRT:initsect.obj
 0004:00000210       $pdata$__GSHandlerCheck    0000000140007210     MSVCRT:gshandler.obj
 0004:0000021c       $pdata$__GSHandlerCheckCommon 000000014000721c     MSVCRT:gshandler.obj
 0004:00000228       $pdata$__tmainCRTStartup$filt$0 0000000140007228     MSVCRT:wcrtexew.obj
 0004:00000234       $pdata$?fin$0@?0???_M@YAXPEAX_KHP6AX0@Z@Z@4HA 0000000140007234     MSVCRT:ehvecdtr.obj
 0004:00000240       $pdata$?filt$0@?0??__ArrayUnwind@@YAXPEAX_KHP6AX0@Z@Z@4HA 0000000140007240     MSVCRT:ehvecdtr.obj
 0004:0000024c       $pdata$_IsNonwritableInCurrentImage$filt$0 000000014000724c     MSVCRT:pesect.obj
 0004:00000258       $pdata$_onexit$fin$0       0000000140007258     MSVCRT:atonexit.obj
 0005:000002a0       $R000000                   00000001400082a0     ShellExtender.res
 0005:00000660       $R0003C0                   0000000140008660     ShellExtender.res
 0005:0000c758       $R00C4B8                   0000000140014758     ShellExtender.res
 0005:0001cf80       $R01CCE0                   0000000140024f80     ShellExtender.res
 0005:0001f528       $R01F288                   0000000140027528     ShellExtender.res
 0005:000205d0       $R020330                   00000001400285d0     ShellExtender.res
 0005:00020f58       $R020CB8                   0000000140028f58     ShellExtender.res
 0005:000213c0       $R021120                   00000001400293c0     ShellExtender.res
 0005:00021420       $R021180                   0000000140029420     ShellExtender.res
 0005:00021728       $R021488                   0000000140029728     ShellExtender.res
 0005:000222f8       $R022058                   000000014002a2f8     ShellExtender.res

 Exports

  ordinal    name

